<html>
<body>
<pre>
<h1>µVision Build Log</h1>
<h2>Project:</h2>
I:\u8\home\sunge\eework\stm32work\zet6\omni3v0\user\omni3v0.uvproj
Project File Date:  07/31/2015

<h2>Output:</h2>
Rebuild target 'Target 1'
assembling startup_stm32f10x_hd.s...
compiling sys.c...
compiling delay.c...
compiling can.c...
compiling usart.c...
compiling xprintf.c...
compiling led.c...
compiling sram.c...
compiling ntlibc.c...
compiling ntopt.c...
compiling ntshell.c...
compiling ntshell_usrcmd.c...
..\ntshell\ntshell_usrcmd.c(311): warning:  #550-D: variable "nbytes" was set but never used
    u8 nbytes=0;
..\ntshell\ntshell_usrcmd.c: 1 warning, 0 errors
compiling text_editor.c...
compiling text_history.c...
compiling vtrecv.c...
compiling vtsend.c...
compiling main.c...
compiling timer.c...
linking...
Program Size: Code=27064 RO-data=2704 RW-data=80 ZI-data=1632  
FromELF: creating hex file...
"..\omni3v0.axf" - 0 Error(s), 1 Warning(s).
</pre>
</body>
</html>
