Product: MDK-ARM Professional 5.10
Component: ARM Compiler 5.04 update 1 (build 49)
Tool: armlink [5040049]

==============================================================================

Section Cross References

    startup_stm32f10x_hd.o(STACK) refers (Special) to heapauxi.o(.text) for __use_two_region_memory
    startup_stm32f10x_hd.o(HEAP) refers (Special) to heapauxi.o(.text) for __use_two_region_memory
    startup_stm32f10x_hd.o(RESET) refers (Special) to heapauxi.o(.text) for __use_two_region_memory
    startup_stm32f10x_hd.o(RESET) refers to startup_stm32f10x_hd.o(STACK) for __initial_sp
    startup_stm32f10x_hd.o(RESET) refers to startup_stm32f10x_hd.o(.text) for Reset_Handler
    startup_stm32f10x_hd.o(RESET) refers to timer.o(.text) for TIM3_IRQHandler
    startup_stm32f10x_hd.o(RESET) refers to usart.o(.text) for USART1_IRQHandler
    startup_stm32f10x_hd.o(.text) refers (Special) to heapauxi.o(.text) for __use_two_region_memory
    startup_stm32f10x_hd.o(.text) refers to __main.o(!!!main) for __main
    startup_stm32f10x_hd.o(.text) refers to startup_stm32f10x_hd.o(HEAP) for Heap_Mem
    startup_stm32f10x_hd.o(.text) refers to startup_stm32f10x_hd.o(STACK) for Stack_Mem
    sys.o(.text) refers to sys.o(.emb_text) for WFI_SET
    delay.o(.text) refers to delay.o(.data) for fac_us
    usart.o(.text) refers to fflt_clz.o(x$fpl$ffltu) for __aeabi_ui2f
    usart.o(.text) refers to fdiv.o(x$fpl$fdiv) for __aeabi_fdiv
    usart.o(.text) refers to ffixu.o(x$fpl$ffixu) for __aeabi_f2uiz
    usart.o(.text) refers to faddsub_clz.o(x$fpl$frsb) for __aeabi_frsub
    usart.o(.text) refers to fmul.o(x$fpl$fmul) for __aeabi_fmul
    usart.o(.text) refers to sys.o(.text) for MY_NVIC_Init
    usart.o(.text) refers to usart.o(.data) for usart1_rx_flag
    usart.o(.text) refers to xprintf.o(.data) for xfunc_in
    xprintf.o(.text) refers to xprintf.o(.data) for outptr
    ntshell.o(.text) refers to text_history.o(.text) for text_history_read_point_prev
    ntshell.o(.text) refers to vtsend.o(.text) for vtsend_erase_line
    ntshell.o(.text) refers to ntlibc.o(.text) for ntlibc_strlen
    ntshell.o(.text) refers to text_editor.o(.text) for text_editor_set_text
    ntshell.o(.text) refers to vtrecv.o(.text) for vtrecv_init
    ntshell.o(.text) refers to ntshell.o(.constdata) for action_table
    ntshell.o(.constdata) refers to ntshell.o(.text) for actfunc_cursor_head
    ntshell_usrcmd.o(.text) refers to ntlibc.o(.text) for ntlibc_strcmp
    ntshell_usrcmd.o(.text) refers to xprintf.o(.text) for xprintf
    ntshell_usrcmd.o(.text) refers to ntopt.o(.text) for ntopt_parse
    ntshell_usrcmd.o(.text) refers to timer.o(.text) for TIM1_PWM_Init
    ntshell_usrcmd.o(.text) refers to can.o(.text) for CAN_Mode_Init
    ntshell_usrcmd.o(.text) refers to delay.o(.text) for delay_ms
    ntshell_usrcmd.o(.text) refers to ntshell_usrcmd.o(.constdata) for cmdlist
    ntshell_usrcmd.o(.text) refers to ntshell_usrcmd.o(.data) for msg
    ntshell_usrcmd.o(.text) refers to ntshell_usrcmd.o(.conststring) for .conststring
    ntshell_usrcmd.o(.text) refers to rt_memclr_w.o(.text) for __aeabi_memclr4
    ntshell_usrcmd.o(.text) refers to fflt_clz.o(x$fpl$fflt) for __aeabi_i2f
    ntshell_usrcmd.o(.text) refers to f2d.o(x$fpl$f2d) for __aeabi_f2d
    ntshell_usrcmd.o(.text) refers to dmul.o(x$fpl$dmul) for __aeabi_dmul
    ntshell_usrcmd.o(.text) refers to ddiv.o(x$fpl$ddiv) for __aeabi_ddiv
    ntshell_usrcmd.o(.text) refers to d2f.o(x$fpl$d2f) for __aeabi_d2f
    ntshell_usrcmd.o(.text) refers to cosf.o(i.cosf) for cosf
    ntshell_usrcmd.o(.text) refers to fmul.o(x$fpl$fmul) for __aeabi_fmul
    ntshell_usrcmd.o(.text) refers to sinf.o(i.sinf) for sinf
    ntshell_usrcmd.o(.text) refers to lroundf.o(i.lroundf) for lroundf
    ntshell_usrcmd.o(.text) refers to daddsub_clz.o(x$fpl$dadd) for __aeabi_dadd
    ntshell_usrcmd.o(.text) refers to daddsub_clz.o(x$fpl$dsub) for __aeabi_dsub
    ntshell_usrcmd.o(.text) refers to dflt_clz.o(x$fpl$dflt) for __aeabi_i2d
    ntshell_usrcmd.o(.text) refers to timer.o(.data) for pluse_width_tim5_ch1
    ntshell_usrcmd.o(.text) refers to faddsub_clz.o(x$fpl$fsub) for __aeabi_fsub
    ntshell_usrcmd.o(.text) refers to dfix.o(x$fpl$dfix) for __aeabi_d2iz
    ntshell_usrcmd.o(.constdata) refers to ntshell_usrcmd.o(.conststring) for .conststring
    ntshell_usrcmd.o(.constdata) refers to ntshell_usrcmd.o(.text) for usrcmd_help
    ntshell_usrcmd.o(.data) refers to ntshell_usrcmd.o(.conststring) for .conststring
    text_history.o(.text) refers to ntlibc.o(.text) for ntlibc_strlen
    vtrecv.o(.text) refers to vtrecv.o(.constdata) for table
    main.o(.text) refers to usart.o(.text) for usart2_rx_byte
    main.o(.text) refers to ntshell_usrcmd.o(.text) for ntshell_usrcmd_execute
    main.o(.text) refers to can.o(.text) for CAN_Mode_Init
    main.o(.text) refers to xprintf.o(.text) for xprintf
[...]
    libinit.o(.ARM.Collect$$libinit$$00000000) refers (Special) to libinit2.o(.ARM.Collect$$libinit$$00000023) for __rt_lib_init_stdio_1
    libinit.o(.ARM.Collect$$libinit$$00000000) refers (Special) to libinit2.o(.ARM.Collect$$libinit$$0000000A) for __rt_lib_init_user_alloc_1
    retnan.o(x$fpl$retnan) refers (Special) to usenofp.o(x$fpl$usenofp) for __I$use$fp
    retnan.o(x$fpl$retnan) refers to trapv.o(x$fpl$trapveneer) for __fpl_cmpreturn
    rtexit.o(.ARM.Collect$$rtexit$$00000000) refers (Special) to rtexit2.o(.ARM.Collect$$rtexit$$00000004) for __rt_exit_exit
    rtexit.o(.ARM.Collect$$rtexit$$00000000) refers (Special) to rtexit2.o(.ARM.Collect$$rtexit$$00000003) for __rt_exit_ls
    rtexit.o(.ARM.Collect$$rtexit$$00000000) refers (Special) to rtexit2.o(.ARM.Collect$$rtexit$$00000002) for __rt_exit_prels_1
    rtexit.o(.ARM.exidx) refers (Special) to rtexit2.o(.ARM.Collect$$rtexit$$00000004) for __rt_exit_exit
    rtexit.o(.ARM.exidx) refers (Special) to rtexit2.o(.ARM.Collect$$rtexit$$00000003) for __rt_exit_ls
    rtexit.o(.ARM.exidx) refers (Special) to rtexit2.o(.ARM.Collect$$rtexit$$00000002) for __rt_exit_prels_1
    rtexit.o(.ARM.exidx) refers to rtexit.o(.ARM.Collect$$rtexit$$00000000) for .ARM.Collect$$rtexit$$00000000
    libinit2.o(.ARM.Collect$$libinit$$0000000E) refers to libinit2.o(.ARM.Collect$$libinit$$0000000D) for .ARM.Collect$$libinit$$0000000D
    libinit2.o(.ARM.Collect$$libinit$$00000010) refers to libinit2.o(.ARM.Collect$$libinit$$0000000D) for .ARM.Collect$$libinit$$0000000D
    libinit2.o(.ARM.Collect$$libinit$$00000012) refers to libinit2.o(.ARM.Collect$$libinit$$0000000D) for .ARM.Collect$$libinit$$0000000D
    libinit2.o(.ARM.Collect$$libinit$$00000014) refers to libinit2.o(.ARM.Collect$$libinit$$0000000D) for .ARM.Collect$$libinit$$0000000D
    libinit2.o(.ARM.Collect$$libinit$$00000016) refers to libinit2.o(.ARM.Collect$$libinit$$0000000D) for .ARM.Collect$$libinit$$0000000D
    libinit2.o(.ARM.Collect$$libinit$$00000024) refers to argv_veneer.o(.emb_text) for __ARM_argv_veneer
    libinit2.o(.ARM.Collect$$libinit$$00000025) refers to argv_veneer.o(.emb_text) for __ARM_argv_veneer
    trapv.o(x$fpl$trapveneer) refers (Special) to usenofp.o(x$fpl$usenofp) for __I$use$fp
    rtexit2.o(.ARM.Collect$$rtexit$$00000003) refers to libshutdown.o(.ARM.Collect$$libshutdown$$00000000) for __rt_lib_shutdown
    rtexit2.o(.ARM.Collect$$rtexit$$00000004) refers to sys_exit.o(.text) for _sys_exit
    rtexit2.o(.ARM.exidx) refers to rtexit2.o(.ARM.Collect$$rtexit$$00000001) for .ARM.Collect$$rtexit$$00000001
    rtexit2.o(.ARM.exidx) refers to rtexit2.o(.ARM.Collect$$rtexit$$00000003) for .ARM.Collect$$rtexit$$00000003
    rtexit2.o(.ARM.exidx) refers to rtexit2.o(.ARM.Collect$$rtexit$$00000004) for .ARM.Collect$$rtexit$$00000004
    argv_veneer.o(.emb_text) refers to no_argv.o(.text) for __ARM_get_argv
    sys_exit.o(.text) refers (Special) to use_no_semi.o(.text) for __I$use$semihosting
    sys_exit.o(.text) refers (Special) to indicate_semi.o(.text) for __semihosting_library_function
    _get_argv_nomalloc.o(.text) refers (Special) to hrguard.o(.text) for __heap_region$guard
    _get_argv_nomalloc.o(.text) refers to defsig_rtmem_outer.o(.text) for __rt_SIGRTMEM
    _get_argv_nomalloc.o(.text) refers to sys_command.o(.text) for _sys_command_string
    libshutdown.o(.ARM.Collect$$libshutdown$$00000000) refers (Special) to libshutdown2.o(.ARM.Collect$$libshutdown$$00000006) for __rt_lib_shutdown_fp_trap_1
    libshutdown.o(.ARM.Collect$$libshutdown$$00000000) refers (Special) to libshutdown2.o(.ARM.Collect$$libshutdown$$0000000E) for __rt_lib_shutdown_heap_1
    libshutdown.o(.ARM.Collect$$libshutdown$$00000000) refers (Special) to libshutdown2.o(.ARM.Collect$$libshutdown$$0000000F) for __rt_lib_shutdown_return
    libshutdown.o(.ARM.Collect$$libshutdown$$00000000) refers (Special) to libshutdown2.o(.ARM.Collect$$libshutdown$$00000009) for __rt_lib_shutdown_signal_1
    libshutdown.o(.ARM.Collect$$libshutdown$$00000000) refers (Special) to libshutdown2.o(.ARM.Collect$$libshutdown$$00000003) for __rt_lib_shutdown_stdio_1
    libshutdown.o(.ARM.Collect$$libshutdown$$00000000) refers (Special) to libshutdown2.o(.ARM.Collect$$libshutdown$$0000000B) for __rt_lib_shutdown_user_alloc_1
    sys_command.o(.text) refers (Special) to use_no_semi.o(.text) for __I$use$semihosting
    sys_command.o(.text) refers (Special) to indicate_semi.o(.text) for __semihosting_library_function
    defsig_rtmem_outer.o(.text) refers to defsig_rtmem_inner.o(.text) for __rt_SIGRTMEM_inner
    defsig_rtmem_outer.o(.text) refers to defsig_exit.o(.text) for __sig_exit
    defsig_rtmem_formal.o(.text) refers to rt_raise.o(.text) for __rt_raise
    rt_raise.o(.text) refers to __raise.o(.text) for __raise
    rt_raise.o(.text) refers to sys_exit.o(.text) for _sys_exit
    defsig_exit.o(.text) refers to sys_exit.o(.text) for _sys_exit
    defsig_rtmem_inner.o(.text) refers to defsig_general.o(.text) for __default_signal_display
    __raise.o(.text) refers to defsig.o(CL$$defsig) for __default_signal_handler
    defsig_general.o(.text) refers to sys_wrch.o(.text) for _ttywrch
    sys_wrch.o(.text) refers (Special) to use_no_semi.o(.text) for __I$use$semihosting
    sys_wrch.o(.text) refers (Special) to indicate_semi.o(.text) for __semihosting_library_function
    defsig.o(CL$$defsig) refers to defsig_rtmem_inner.o(.text) for __rt_SIGRTMEM_inner
    defsig_abrt_inner.o(.text) refers to defsig_general.o(.text) for __default_signal_display
    defsig_fpe_inner.o(.text) refers to defsig_general.o(.text) for __default_signal_display
    defsig_rtred_inner.o(.text) refers to defsig_general.o(.text) for __default_signal_display
    defsig_stak_inner.o(.text) refers to defsig_general.o(.text) for __default_signal_display
    defsig_pvfn_inner.o(.text) refers to defsig_general.o(.text) for __default_signal_display
    defsig_cppl_inner.o(.text) refers to defsig_general.o(.text) for __default_signal_display
    defsig_segv_inner.o(.text) refers to defsig_general.o(.text) for __default_signal_display
    defsig_other.o(.text) refers to defsig_general.o(.text) for __default_signal_display


==============================================================================

Removing Unused input sections from the image.

    Removing sys.o(.rev16_text), (4 bytes).
    Removing sys.o(.revsh_text), (4 bytes).
    Removing delay.o(.rev16_text), (4 bytes).
    Removing delay.o(.revsh_text), (4 bytes).
    Removing can.o(.rev16_text), (4 bytes).
    Removing can.o(.revsh_text), (4 bytes).
    Removing usart.o(.rev16_text), (4 bytes).
    Removing usart.o(.revsh_text), (4 bytes).
    Removing led.o(.rev16_text), (4 bytes).
    Removing led.o(.revsh_text), (4 bytes).
    Removing sram.o(.rev16_text), (4 bytes).
    Removing sram.o(.revsh_text), (4 bytes).
    Removing sram.o(.text), (436 bytes).
    Removing ntshell_usrcmd.o(.rev16_text), (4 bytes).
    Removing ntshell_usrcmd.o(.revsh_text), (4 bytes).
    Removing main.o(.rev16_text), (4 bytes).
    Removing main.o(.revsh_text), (4 bytes).
    Removing timer.o(.rev16_text), (4 bytes).
    Removing timer.o(.revsh_text), (4 bytes).

19 unused section(s) (total 508 bytes) removed from the image.

==============================================================================

Image Symbol Table

    Local Symbols

    Symbol Name                              Value     Ov Type        Size  Object(Section)

    ../clib/angel/boardlib.s                 0x00000000   Number         0  boardshut.o ABSOLUTE
    ../clib/angel/boardlib.s                 0x00000000   Number         0  boardinit1.o ABSOLUTE
    ../clib/angel/boardlib.s                 0x00000000   Number         0  boardinit2.o ABSOLUTE
    ../clib/angel/boardlib.s                 0x00000000   Number         0  boardinit3.o ABSOLUTE
    ../clib/angel/handlers.s                 0x00000000   Number         0  __scatter_zi.o ABSOLUTE
    ../clib/angel/handlers.s                 0x00000000   Number         0  __scatter_copy.o ABSOLUTE
    ../clib/angel/kernel.s                   0x00000000   Number         0  rtexit2.o ABSOLUTE
    ../clib/angel/kernel.s                   0x00000000   Number         0  rtentry4.o ABSOLUTE
    ../clib/angel/kernel.s                   0x00000000   Number         0  rtentry2.o ABSOLUTE
    ../clib/angel/kernel.s                   0x00000000   Number         0  rtexit.o ABSOLUTE
    ../clib/angel/kernel.s                   0x00000000   Number         0  rtentry.o ABSOLUTE
    ../clib/angel/rt.s                       0x00000000   Number         0  rt_errno_addr_intlibspace.o ABSOLUTE
    ../clib/angel/rt.s                       0x00000000   Number         0  rt_errno_addr.o ABSOLUTE
    ../clib/angel/rt.s                       0x00000000   Number         0  rt_raise.o ABSOLUTE
    ../clib/angel/scatter.s                  0x00000000   Number         0  __scatter.o ABSOLUTE
    ../clib/angel/startup.s                  0x00000000   Number         0  __main.o ABSOLUTE
    ../clib/angel/sys.s                      0x00000000   Number         0  libspace.o ABSOLUTE
    ../clib/angel/sys.s                      0x00000000   Number         0  indicate_semi.o ABSOLUTE
    ../clib/angel/sys.s                      0x00000000   Number         0  use_no_semi.o ABSOLUTE
    ../clib/angel/sys.s                      0x00000000   Number         0  sys_stackheap_outer.o ABSOLUTE
    ../clib/angel/sysapp.c                   0x00000000   Number         0  sys_command.o ABSOLUTE
    ../clib/angel/sysapp.c                   0x00000000   Number         0  sys_exit.o ABSOLUTE
    ../clib/angel/sysapp.c                   0x00000000   Number         0  sys_wrch.o ABSOLUTE
    ../clib/armsys.c                         0x00000000   Number         0  argv_veneer.o ABSOLUTE
    ../clib/armsys.c                         0x00000000   Number         0  _get_argv_nomalloc.o ABSOLUTE
    ../clib/armsys.c                         0x00000000   Number         0  no_argv.o ABSOLUTE
    ../clib/armsys.c                         0x00000000   Number         0  argv_veneer.o ABSOLUTE
    ../clib/fenv.c                           0x00000000   Number         0  _rserrno.o ABSOLUTE
    ../clib/heapalloc.c                      0x00000000   Number         0  hrguard.o ABSOLUTE
    ../clib/heapaux.c                        0x00000000   Number         0  heapauxi.o ABSOLUTE
    ../clib/libinit.s                        0x00000000   Number         0  libinit2.o ABSOLUTE
    ../clib/libinit.s                        0x00000000   Number         0  libshutdown.o ABSOLUTE
    ../clib/libinit.s                        0x00000000   Number         0  libshutdown2.o ABSOLUTE
    ../clib/libinit.s                        0x00000000   Number         0  libinit.o ABSOLUTE
    ../clib/memcpset.s                       0x00000000   Number         0  rt_memclr_w.o ABSOLUTE
    ../clib/signal.c                         0x00000000   Number         0  defsig_abrt_inner.o ABSOLUTE
    ../clib/signal.c                         0x00000000   Number         0  defsig_rtred_inner.o ABSOLUTE
    ../clib/signal.c                         0x00000000   Number         0  defsig_stak_inner.o ABSOLUTE
    ../clib/signal.c                         0x00000000   Number         0  __raise.o ABSOLUTE
    ../clib/signal.c                         0x00000000   Number         0  defsig_fpe_inner.o ABSOLUTE
    ../clib/signal.c                         0x00000000   Number         0  defsig_pvfn_inner.o ABSOLUTE
    ../clib/signal.c                         0x00000000   Number         0  defsig_cppl_inner.o ABSOLUTE
    ../clib/signal.c                         0x00000000   Number         0  defsig_segv_inner.o ABSOLUTE
    ../clib/signal.c                         0x00000000   Number         0  defsig_rtmem_inner.o ABSOLUTE
    ../clib/signal.c                         0x00000000   Number         0  defsig_other.o ABSOLUTE
    ../clib/signal.c                         0x00000000   Number         0  defsig_exit.o ABSOLUTE
    ../clib/signal.c                         0x00000000   Number         0  defsig_rtmem_formal.o ABSOLUTE
    ../clib/signal.c                         0x00000000   Number         0  defsig_general.o ABSOLUTE
    ../clib/signal.c                         0x00000000   Number         0  defsig_rtmem_outer.o ABSOLUTE
    ../clib/signal.s                         0x00000000   Number         0  defsig.o ABSOLUTE
    ../clib/stdlib.c                         0x00000000   Number         0  exit.o ABSOLUTE
    ../fplib/d2f.s                           0x00000000   Number         0  d2f.o ABSOLUTE
    ../fplib/daddsub.s                       0x00000000   Number         0  daddsub_clz.o ABSOLUTE
    ../fplib/ddiv.s                          0x00000000   Number         0  ddiv.o ABSOLUTE
    ../fplib/dfix.s                          0x00000000   Number         0  dfix.o ABSOLUTE
    ../fplib/dflt.s                          0x00000000   Number         0  dflt_clz.o ABSOLUTE
    ../fplib/dmul.s                          0x00000000   Number         0  dmul.o ABSOLUTE
    ../fplib/dnaninf.s                       0x00000000   Number         0  dnaninf.o ABSOLUTE
    ../fplib/dretinf.s                       0x00000000   Number         0  dretinf.o ABSOLUTE
    ../fplib/f2d.s                           0x00000000   Number         0  f2d.o ABSOLUTE
    ../fplib/faddsub.s                       0x00000000   Number         0  faddsub_clz.o ABSOLUTE
    ../fplib/fcheck1.s                       0x00000000   Number         0  fcheck1.o ABSOLUTE
    ../fplib/fdiv.s                          0x00000000   Number         0  fdiv.o ABSOLUTE
    ../fplib/ffix.s                          0x00000000   Number         0  ffix.o ABSOLUTE
    ../fplib/ffixu.s                         0x00000000   Number         0  ffixu.o ABSOLUTE
    ../fplib/fflt.s                          0x00000000   Number         0  fflt_clz.o ABSOLUTE
    ../fplib/fmul.s                          0x00000000   Number         0  fmul.o ABSOLUTE
    ../fplib/fnaninf.s                       0x00000000   Number         0  fnaninf.o ABSOLUTE
    ../fplib/fpinit.s                        0x00000000   Number         0  fpinit.o ABSOLUTE
    ../fplib/fretinf.s                       0x00000000   Number         0  fretinf.o ABSOLUTE
    ../fplib/frnd.s                          0x00000000   Number         0  frnd.o ABSOLUTE
    ../fplib/retnan.s                        0x00000000   Number         0  retnan.o ABSOLUTE
    ../fplib/scalbnf.s                       0x00000000   Number         0  scalbnf.o ABSOLUTE
    ../fplib/trapv.s                         0x00000000   Number         0  trapv.o ABSOLUTE
    ../fplib/usenofp.s                       0x00000000   Number         0  usenofp.o ABSOLUTE
    ../mathlib/cosf.c                        0x00000000   Number         0  cosf_x.o ABSOLUTE
    ../mathlib/cosf.c                        0x00000000   Number         0  cosf.o ABSOLUTE
    ../mathlib/fpclassifyf.c                 0x00000000   Number         0  fpclassifyf.o ABSOLUTE
    ../mathlib/funder.c                      0x00000000   Number         0  funder.o ABSOLUTE
    ../mathlib/round.c                       0x00000000   Number         0  lroundf.o ABSOLUTE
    ../mathlib/round.c                       0x00000000   Number         0  lroundf_x.o ABSOLUTE
    ../mathlib/rredf.c                       0x00000000   Number         0  rredf.o ABSOLUTE
    ../mathlib/sinf.c                        0x00000000   Number         0  sinf.o ABSOLUTE
    ../mathlib/sinf.c                        0x00000000   Number         0  sinf_x.o ABSOLUTE
    ..\\board\\led\\led.c                    0x00000000   Number         0  led.o ABSOLUTE
    ..\\board\\sram\\sram.c                  0x00000000   Number         0  sram.o ABSOLUTE
    ..\\ntshell\\ntshell_usrcmd.c            0x00000000   Number         0  ntshell_usrcmd.o ABSOLUTE
    ..\\system\\can\\can.c                   0x00000000   Number         0  can.o ABSOLUTE
    ..\\system\\delay\\delay.c               0x00000000   Number         0  delay.o ABSOLUTE
    ..\\system\\sys\\sys.c                   0x00000000   Number         0  sys.o ABSOLUTE
    ..\\system\\usart\\usart.c               0x00000000   Number         0  usart.o ABSOLUTE
    ..\board\led\led.c                       0x00000000   Number         0  led.o ABSOLUTE
    ..\board\sram\sram.c                     0x00000000   Number         0  sram.o ABSOLUTE
    ..\ntshell\ntlibc.c                      0x00000000   Number         0  ntlibc.o ABSOLUTE
    ..\ntshell\ntopt.c                       0x00000000   Number         0  ntopt.o ABSOLUTE
    ..\ntshell\ntshell.c                     0x00000000   Number         0  ntshell.o ABSOLUTE
    ..\ntshell\ntshell_usrcmd.c              0x00000000   Number         0  ntshell_usrcmd.o ABSOLUTE
    ..\ntshell\text_editor.c                 0x00000000   Number         0  text_editor.o ABSOLUTE
    ..\ntshell\text_history.c                0x00000000   Number         0  text_history.o ABSOLUTE
    ..\ntshell\vtrecv.c                      0x00000000   Number         0  vtrecv.o ABSOLUTE
    ..\ntshell\vtsend.c                      0x00000000   Number         0  vtsend.o ABSOLUTE
    ..\system\can\can.c                      0x00000000   Number         0  can.o ABSOLUTE
    ..\system\delay\delay.c                  0x00000000   Number         0  delay.o ABSOLUTE
    ..\system\sys\sys.c                      0x00000000   Number         0  sys.o ABSOLUTE
    ..\system\usart\usart.c                  0x00000000   Number         0  usart.o ABSOLUTE
    ..\system\xprintf\xprintf.c              0x00000000   Number         0  xprintf.o ABSOLUTE
    dc.s                                     0x00000000   Number         0  dc.o ABSOLUTE
    main.c                                   0x00000000   Number         0  main.o ABSOLUTE
    main.c                                   0x00000000   Number         0  main.o ABSOLUTE
    startup_stm32f10x_hd.s                   0x00000000   Number         0  startup_stm32f10x_hd.o ABSOLUTE
    timer.c                                  0x00000000   Number         0  timer.o ABSOLUTE
    timer.c                                  0x00000000   Number         0  timer.o ABSOLUTE
    RESET                                    0x08000000   Section      304  startup_stm32f10x_hd.o(RESET)
    !!!main                                  0x08000130   Section        8  __main.o(!!!main)
    !!!scatter                               0x08000138   Section       52  __scatter.o(!!!scatter)
    !!handler_copy                           0x0800016c   Section       26  __scatter_copy.o(!!handler_copy)
    !!handler_zi                             0x08000188   Section       28  __scatter_zi.o(!!handler_zi)
    .ARM.Collect$$libinit$$00000000          0x080001a4   Section        2  libinit.o(.ARM.Collect$$libinit$$00000000)
    .ARM.Collect$$libinit$$00000002          0x080001a6   Section        0  libinit2.o(.ARM.Collect$$libinit$$00000002)
    .ARM.Collect$$libinit$$00000008          0x080001a6   Section        0  libinit2.o(.ARM.Collect$$libinit$$00000008)
    .ARM.Collect$$libinit$$0000000A          0x080001a6   Section        0  libinit2.o(.ARM.Collect$$libinit$$0000000A)
    .ARM.Collect$$libinit$$0000000C          0x080001a6   Section        0  libinit2.o(.ARM.Collect$$libinit$$0000000C)
    .ARM.Collect$$libinit$$0000000F          0x080001a6   Section        0  libinit2.o(.ARM.Collect$$libinit$$0000000F)
    .ARM.Collect$$libinit$$00000011          0x080001a6   Section        0  libinit2.o(.ARM.Collect$$libinit$$00000011)
    .ARM.Collect$$libinit$$00000013          0x080001a6   Section        0  libinit2.o(.ARM.Collect$$libinit$$00000013)
    .ARM.Collect$$libinit$$00000015          0x080001a6   Section        0  libinit2.o(.ARM.Collect$$libinit$$00000015)
    .ARM.Collect$$libinit$$00000017          0x080001a6   Section        0  libinit2.o(.ARM.Collect$$libinit$$00000017)
    .ARM.Collect$$libinit$$00000019          0x080001a6   Section        0  libinit2.o(.ARM.Collect$$libinit$$00000019)
    .ARM.Collect$$libinit$$0000001B          0x080001a6   Section        0  libinit2.o(.ARM.Collect$$libinit$$0000001B)
    .ARM.Collect$$libinit$$0000001D          0x080001a6   Section        0  libinit2.o(.ARM.Collect$$libinit$$0000001D)
    .ARM.Collect$$libinit$$0000001F          0x080001a6   Section        0  libinit2.o(.ARM.Collect$$libinit$$0000001F)
    .ARM.Collect$$libinit$$00000021          0x080001a6   Section        0  libinit2.o(.ARM.Collect$$libinit$$00000021)
    .ARM.Collect$$libinit$$00000023          0x080001a6   Section        0  libinit2.o(.ARM.Collect$$libinit$$00000023)
    .ARM.Collect$$libinit$$0000002A          0x080001a6   Section        0  libinit2.o(.ARM.Collect$$libinit$$0000002A)
    .ARM.Collect$$libinit$$0000002C          0x080001a6   Section        0  libinit2.o(.ARM.Collect$$libinit$$0000002C)
    .ARM.Collect$$libinit$$0000002E          0x080001a6   Section        0  libinit2.o(.ARM.Collect$$libinit$$0000002E)
    .ARM.Collect$$libinit$$00000030          0x080001a6   Section        0  libinit2.o(.ARM.Collect$$libinit$$00000030)
    .ARM.Collect$$libinit$$00000031          0x080001a6   Section        2  libinit2.o(.ARM.Collect$$libinit$$00000031)
    .ARM.Collect$$libshutdown$$00000000      0x080001a8   Section        2  libshutdown.o(.ARM.Collect$$libshutdown$$00000000)
    .ARM.Collect$$libshutdown$$00000003      0x080001aa   Section        0  libshutdown2.o(.ARM.Collect$$libshutdown$$00000003)
    .ARM.Collect$$libshutdown$$00000006      0x080001aa   Section        0  libshutdown2.o(.ARM.Collect$$libshutdown$$00000006)
    .ARM.Collect$$libshutdown$$00000009      0x080001aa   Section        0  libshutdown2.o(.ARM.Collect$$libshutdown$$00000009)
    .ARM.Collect$$libshutdown$$0000000B      0x080001aa   Section        0  libshutdown2.o(.ARM.Collect$$libshutdown$$0000000B)
    .ARM.Collect$$libshutdown$$0000000E      0x080001aa   Section        0  libshutdown2.o(.ARM.Collect$$libshutdown$$0000000E)
    .ARM.Collect$$libshutdown$$0000000F      0x080001aa   Section        2  libshutdown2.o(.ARM.Collect$$libshutdown$$0000000F)
    .ARM.Collect$$rtentry$$00000000          0x080001ac   Section        0  rtentry.o(.ARM.Collect$$rtentry$$00000000)
    .ARM.Collect$$rtentry$$00000002          0x080001ac   Section        0  rtentry2.o(.ARM.Collect$$rtentry$$00000002)
    .ARM.Collect$$rtentry$$00000004          0x080001ac   Section        6  rtentry4.o(.ARM.Collect$$rtentry$$00000004)
    .ARM.Collect$$rtentry$$00000009          0x080001b2   Section        0  rtentry2.o(.ARM.Collect$$rtentry$$00000009)
    .ARM.Collect$$rtentry$$0000000A          0x080001b2   Section        4  rtentry2.o(.ARM.Collect$$rtentry$$0000000A)
    .ARM.Collect$$rtentry$$0000000C          0x080001b6   Section        0  rtentry2.o(.ARM.Collect$$rtentry$$0000000C)
    .ARM.Collect$$rtentry$$0000000D          0x080001b6   Section        8  rtentry2.o(.ARM.Collect$$rtentry$$0000000D)
    .ARM.Collect$$rtexit$$00000000           0x080001be   Section        2  rtexit.o(.ARM.Collect$$rtexit$$00000000)
    .ARM.Collect$$rtexit$$00000002           0x080001c0   Section        0  rtexit2.o(.ARM.Collect$$rtexit$$00000002)
    .ARM.Collect$$rtexit$$00000003           0x080001c0   Section        4  rtexit2.o(.ARM.Collect$$rtexit$$00000003)
    .ARM.Collect$$rtexit$$00000004           0x080001c4   Section        6  rtexit2.o(.ARM.Collect$$rtexit$$00000004)
    .emb_text                                0x080001cc   Section       12  sys.o(.emb_text)
    .text                                    0x080001d8   Section       56  startup_stm32f10x_hd.o(.text)
    .text                                    0x08000210   Section        0  sys.o(.text)
    .text                                    0x08000554   Section        0  delay.o(.text)
    .text                                    0x08000604   Section        0  can.o(.text)
    .text                                    0x08000ba0   Section        0  usart.o(.text)
    .text                                    0x08000e2c   Section        0  xprintf.o(.text)
    xvprintf                                 0x08000e9d   Thumb Code   530  xprintf.o(.text)
    .text                                    0x08001334   Section        0  led.o(.text)
    .text                                    0x0800137c   Section        0  ntlibc.o(.text)
    .text                                    0x08001620   Section        0  ntopt.o(.text)
    ntopt_get_count                          0x08001621   Thumb Code    62  ntopt.o(.text)
    ntopt_get_text                           0x0800165f   Thumb Code   154  ntopt.o(.text)
    .text                                    0x08001764   Section        0  ntshell.o(.text)
    actfunc_history_prev                     0x08001765   Thumb Code   120  ntshell.o(.text)
    actfunc_history_next                     0x080017dd   Thumb Code   120  ntshell.o(.text)
    actfunc_cursor_left                      0x08001855   Thumb Code    36  ntshell.o(.text)
    actfunc_cursor_right                     0x08001879   Thumb Code    36  ntshell.o(.text)
    actfunc_enter                            0x0800189d   Thumb Code   112  ntshell.o(.text)
    actfunc_cancel                           0x0800190d   Thumb Code    92  ntshell.o(.text)
    actfunc_insert                           0x08001969   Thumb Code   128  ntshell.o(.text)
    actfunc_backspace                        0x080019e9   Thumb Code   154  ntshell.o(.text)
    actfunc_delete                           0x08001a83   Thumb Code   146  ntshell.o(.text)
    actfunc_suggest                          0x08001b15   Thumb Code   362  ntshell.o(.text)
    actfunc_cursor_head                      0x08001c7f   Thumb Code    78  ntshell.o(.text)
    actfunc_cursor_tail                      0x08001ccd   Thumb Code   102  ntshell.o(.text)
    .text                                    0x08001e68   Section        0  ntshell_usrcmd.o(.text)
    usrcmd_ntopt_callback                    0x08001e69   Thumb Code    64  ntshell_usrcmd.o(.text)
    usrcmd_help                              0x08001ebb   Thumb Code    64  ntshell_usrcmd.o(.text)
    usrcmd_info                              0x08001efb   Thumb Code    88  ntshell_usrcmd.o(.text)
    usrcmd_setled0                           0x08001f53   Thumb Code    72  ntshell_usrcmd.o(.text)
    usrcmd_br                                0x08001f9b   Thumb Code   114  ntshell_usrcmd.o(.text)
    usrcmd_res                               0x0800200d   Thumb Code   150  ntshell_usrcmd.o(.text)
    usrcmd_mo                                0x080020a3   Thumb Code  1240  ntshell_usrcmd.o(.text)
    usrcmd_pwm                               0x0800257b   Thumb Code   200  ntshell_usrcmd.o(.text)
    usrcmd_sp                                0x08002643   Thumb Code   220  ntshell_usrcmd.o(.text)
    usrcmd_lo                                0x0800271f   Thumb Code   258  ntshell_usrcmd.o(.text)
    usrcmd_fb                                0x08002821   Thumb Code   930  ntshell_usrcmd.o(.text)
    usrcmd_ss                                0x08002bc3   Thumb Code    94  ntshell_usrcmd.o(.text)
    usrcmd_tls                               0x08002c21   Thumb Code   144  ntshell_usrcmd.o(.text)
    usrcmd_trs                               0x08002cb1   Thumb Code   152  ntshell_usrcmd.o(.text)
    usrcmd_sl                                0x08002d49   Thumb Code   288  ntshell_usrcmd.o(.text)
    usrcmd_gs                                0x08002e69   Thumb Code   274  ntshell_usrcmd.o(.text)
    usrcmd_ga                                0x08002f7b   Thumb Code   544  ntshell_usrcmd.o(.text)
    usrcmd_r9b                               0x0800319b   Thumb Code   174  ntshell_usrcmd.o(.text)
    usrcmd_th9x                              0x08003249   Thumb Code  1518  ntshell_usrcmd.o(.text)
    .text                                    0x08003894   Section        0  text_editor.o(.text)
    .text                                    0x08003a44   Section        0  text_history.o(.text)
    .text                                    0x08003bd0   Section        0  vtrecv.o(.text)
    vtrecv_strlen                            0x08003bd1   Thumb Code    20  vtrecv.o(.text)
    GET_STATE_TABLE                          0x08003be5   Thumb Code    48  vtrecv.o(.text)
    GET_ENTRY_ACTIONS                        0x08003c15   Thumb Code     8  vtrecv.o(.text)
    GET_EXIT_ACTIONS                         0x08003c1d   Thumb Code     8  vtrecv.o(.text)
    do_action                                0x08003c35   Thumb Code   204  vtrecv.o(.text)
    do_state_change                          0x08003d01   Thumb Code    96  vtrecv.o(.text)
    .text                                    0x08003dac   Section        0  vtsend.o(.text)
    .text                                    0x08004278   Section        0  main.o(.text)
    func_read                                0x08004279   Thumb Code    32  main.o(.text)
    func_write                               0x08004299   Thumb Code    32  main.o(.text)
    func_callback                            0x080042b9   Thumb Code    18  main.o(.text)
    .text                                    0x08004b00   Section        0  timer.o(.text)
    .text                                    0x080055dc   Section       78  rt_memclr_w.o(.text)
    .text                                    0x0800562a   Section        0  heapauxi.o(.text)
    .text                                    0x08005630   Section        0  _rserrno.o(.text)
    .text                                    0x08005648   Section        8  rt_errno_addr_intlibspace.o(.text)
    .text                                    0x08005650   Section        8  libspace.o(.text)
    .text                                    0x08005658   Section       74  sys_stackheap_outer.o(.text)
    .text                                    0x080056a2   Section        0  exit.o(.text)
    .text                                    0x080056b0   Section        0  sys_exit.o(.text)
    .text                                    0x080056bc   Section        2  use_no_semi.o(.text)
    .text                                    0x080056be   Section        0  indicate_semi.o(.text)
    i.__ARM_fpclassifyf                      0x080056be   Section        0  fpclassifyf.o(i.__ARM_fpclassifyf)
    i.__mathlib_flt_underflow                0x080056e4   Section        0  funder.o(i.__mathlib_flt_underflow)
    i.__mathlib_rredf2                       0x080056f0   Section        0  rredf.o(i.__mathlib_rredf2)
    i.cosf                                   0x08005848   Section        0  cosf.o(i.cosf)
    i.lroundf                                0x080059cc   Section        0  lroundf.o(i.lroundf)
    i.sinf                                   0x08005a60   Section        0  sinf.o(i.sinf)
    x$fpl$d2f                                0x08005bec   Section       98  d2f.o(x$fpl$d2f)
    x$fpl$dadd                               0x08005c50   Section      336  daddsub_clz.o(x$fpl$dadd)
    _dadd1                                   0x08005c61   Thumb Code     0  daddsub_clz.o(x$fpl$dadd)
    x$fpl$ddiv                               0x08005da0   Section      688  ddiv.o(x$fpl$ddiv)
    ddiv_entry                               0x08005da7   Thumb Code     0  ddiv.o(x$fpl$ddiv)
    x$fpl$dfix                               0x08006050   Section       94  dfix.o(x$fpl$dfix)
    x$fpl$dflt                               0x080060ae   Section       46  dflt_clz.o(x$fpl$dflt)
    x$fpl$dmul                               0x080060dc   Section      340  dmul.o(x$fpl$dmul)
    x$fpl$dnaninf                            0x08006230   Section      156  dnaninf.o(x$fpl$dnaninf)
    x$fpl$dretinf                            0x080062cc   Section       12  dretinf.o(x$fpl$dretinf)
    x$fpl$dsub                               0x080062d8   Section      468  daddsub_clz.o(x$fpl$dsub)
    _dsub1                                   0x080062e9   Thumb Code     0  daddsub_clz.o(x$fpl$dsub)
    x$fpl$f2d                                0x080064ac   Section       86  f2d.o(x$fpl$f2d)
    x$fpl$fadd                               0x08006504   Section      196  faddsub_clz.o(x$fpl$fadd)
    _fadd1                                   0x08006513   Thumb Code     0  faddsub_clz.o(x$fpl$fadd)
    x$fpl$fcheck1                            0x080065c8   Section       12  fcheck1.o(x$fpl$fcheck1)
    x$fpl$fdiv                               0x080065d4   Section      388  fdiv.o(x$fpl$fdiv)
    _fdiv1                                   0x080065d5   Thumb Code     0  fdiv.o(x$fpl$fdiv)
    x$fpl$ffix                               0x08006758   Section       54  ffix.o(x$fpl$ffix)
    x$fpl$ffixr                              0x08006790   Section       82  ffix.o(x$fpl$ffixr)
    x$fpl$ffixu                              0x080067e4   Section       62  ffixu.o(x$fpl$ffixu)
    x$fpl$fflt                               0x08006824   Section       48  fflt_clz.o(x$fpl$fflt)
    x$fpl$ffltu                              0x08006854   Section       38  fflt_clz.o(x$fpl$ffltu)
    x$fpl$fmul                               0x0800687c   Section      258  fmul.o(x$fpl$fmul)
    x$fpl$fnaninf                            0x0800697e   Section      140  fnaninf.o(x$fpl$fnaninf)
    x$fpl$fretinf                            0x08006a0a   Section       10  fretinf.o(x$fpl$fretinf)
    x$fpl$frnd                               0x08006a14   Section       96  frnd.o(x$fpl$frnd)
    x$fpl$frsb                               0x08006a74   Section       20  faddsub_clz.o(x$fpl$frsb)
    x$fpl$fsub                               0x08006a88   Section      234  faddsub_clz.o(x$fpl$fsub)
    _fsub1                                   0x08006a97   Thumb Code     0  faddsub_clz.o(x$fpl$fsub)
    x$fpl$retnan                             0x08006b72   Section      100  retnan.o(x$fpl$retnan)
    x$fpl$scalbnf                            0x08006bd6   Section       76  scalbnf.o(x$fpl$scalbnf)
    x$fpl$trapveneer                         0x08006c22   Section       48  trapv.o(x$fpl$trapveneer)
    x$fpl$usenofp                            0x08006c52   Section        0  usenofp.o(x$fpl$usenofp)
    .constdata                               0x08006c54   Section      136  ntshell.o(.constdata)
    action_table                             0x08006c54   Data         136  ntshell.o(.constdata)
    .constdata                               0x08006cdc   Section      228  ntshell_usrcmd.o(.constdata)
    cmdlist                                  0x08006cdc   Data         228  ntshell_usrcmd.o(.constdata)
    .constdata                               0x08006dc0   Section     1030  vtrecv.o(.constdata)
    table                                    0x08006dc0   Data        1000  vtrecv.o(.constdata)
    ENTRY_ACTIONS                            0x080071a8   Data          15  vtrecv.o(.constdata)
    EXIT_ACTIONS                             0x080071b7   Data          15  vtrecv.o(.constdata)
    .constdata                               0x080071c8   Section       32  rredf.o(.constdata)
    twooverpi                                0x080071c8   Data          32  rredf.o(.constdata)
    .conststring                             0x080071e8   Section     1097  ntshell_usrcmd.o(.conststring)
    .data                                    0x20000000   Section        4  delay.o(.data)
    fac_us                                   0x20000000   Data           1  delay.o(.data)
    fac_ms                                   0x20000002   Data           2  delay.o(.data)
    .data                                    0x20000004   Section        4  usart.o(.data)
    .data                                    0x20000008   Section       12  xprintf.o(.data)
    outptr                                   0x2000000c   Data           4  xprintf.o(.data)
    .data                                    0x20000014   Section       24  ntshell_usrcmd.o(.data)
    msg                                      0x20000018   Data           4  ntshell_usrcmd.o(.data)
    msg                                      0x2000001c   Data           4  ntshell_usrcmd.o(.data)
    msg                                      0x20000020   Data           4  ntshell_usrcmd.o(.data)
    msg                                      0x20000024   Data           4  ntshell_usrcmd.o(.data)
    msg                                      0x20000028   Data           4  ntshell_usrcmd.o(.data)
    .data                                    0x2000002c   Section       36  timer.o(.data)
    .bss                                     0x20000050   Section       96  libspace.o(.bss)
    HEAP                                     0x200000b0   Section      512  startup_stm32f10x_hd.o(HEAP)
    Heap_Mem                                 0x200000b0   Data         512  startup_stm32f10x_hd.o(HEAP)
    STACK                                    0x200002b0   Section     1024  startup_stm32f10x_hd.o(STACK)
    Stack_Mem                                0x200002b0   Data        1024  startup_stm32f10x_hd.o(STACK)
    __initial_sp                             0x200006b0   Data           0  startup_stm32f10x_hd.o(STACK)

    Global Symbols

    Symbol Name                              Value     Ov Type        Size  Object(Section)

    BuildAttributes$$THM_ISAv4$P$D$K$B$S$PE$A:L22UL41UL21$X:L11$S22US41US21$IEEE1$IW$USESV6$~STKCKD$USESV7$~SHL$OTIME$ROPI$IEEEX$EBA8$UX$STANDARDLIB$REQ8$PRES8$EABIv2 0x00000000   Number         0  anon$$obj.o ABSOLUTE
    __ARM_use_no_argv                        0x00000000   Number         0  main.o ABSOLUTE
    __ARM_exceptions_init                     - Undefined Weak Reference
    __alloca_initialize                       - Undefined Weak Reference
    __cpp_initialize__aeabi_                  - Undefined Weak Reference
    __cxa_finalize                            - Undefined Weak Reference
    __rt_locale                               - Undefined Weak Reference
    __sigvec_lookup                           - Undefined Weak Reference
    _atexit_init                              - Undefined Weak Reference
    _call_atexit_fns                          - Undefined Weak Reference
    _clock_init                               - Undefined Weak Reference
    _fp_trap_init                             - Undefined Weak Reference
    _fp_trap_shutdown                         - Undefined Weak Reference
    _get_lc_collate                           - Undefined Weak Reference
    _get_lc_ctype                             - Undefined Weak Reference
    _get_lc_monetary                          - Undefined Weak Reference
    _get_lc_numeric                           - Undefined Weak Reference
    _get_lc_time                              - Undefined Weak Reference
    _getenv_init                              - Undefined Weak Reference
    _handle_redirection                       - Undefined Weak Reference
    _init_alloc                               - Undefined Weak Reference
    _init_user_alloc                          - Undefined Weak Reference
    _initio                                   - Undefined Weak Reference
    _rand_init                                - Undefined Weak Reference
    _signal_finish                            - Undefined Weak Reference
    _signal_init                              - Undefined Weak Reference
    _terminate_alloc                          - Undefined Weak Reference
    _terminate_user_alloc                     - Undefined Weak Reference
    _terminateio                              - Undefined Weak Reference
    __Vectors_Size                           0x00000130   Number         0  startup_stm32f10x_hd.o ABSOLUTE
    __Vectors                                0x08000000   Data           4  startup_stm32f10x_hd.o(RESET)
    __Vectors_End                            0x08000130   Data           0  startup_stm32f10x_hd.o(RESET)
    __main                                   0x08000131   Thumb Code     8  __main.o(!!!main)
    __scatterload                            0x08000139   Thumb Code     0  __scatter.o(!!!scatter)
    __scatterload_rt2                        0x08000139   Thumb Code    44  __scatter.o(!!!scatter)
    __scatterload_rt2_thumb_only             0x08000139   Thumb Code     0  __scatter.o(!!!scatter)
    __scatterload_null                       0x08000147   Thumb Code     0  __scatter.o(!!!scatter)
    __scatterload_copy                       0x0800016d   Thumb Code    26  __scatter_copy.o(!!handler_copy)
    __scatterload_zeroinit                   0x08000189   Thumb Code    28  __scatter_zi.o(!!handler_zi)
    __rt_lib_init                            0x080001a5   Thumb Code     0  libinit.o(.ARM.Collect$$libinit$$00000000)
    __rt_lib_init_alloca_1                   0x080001a7   Thumb Code     0  libinit2.o(.ARM.Collect$$libinit$$0000002C)
    __rt_lib_init_argv_1                     0x080001a7   Thumb Code     0  libinit2.o(.ARM.Collect$$libinit$$0000002A)
    __rt_lib_init_atexit_1                   0x080001a7   Thumb Code     0  libinit2.o(.ARM.Collect$$libinit$$00000019)
    __rt_lib_init_clock_1                    0x080001a7   Thumb Code     0  libinit2.o(.ARM.Collect$$libinit$$0000001F)
    __rt_lib_init_cpp_1                      0x080001a7   Thumb Code     0  libinit2.o(.ARM.Collect$$libinit$$00000030)
    __rt_lib_init_exceptions_1               0x080001a7   Thumb Code     0  libinit2.o(.ARM.Collect$$libinit$$0000002E)
    __rt_lib_init_fp_1                       0x080001a7   Thumb Code     0  libinit2.o(.ARM.Collect$$libinit$$00000002)
    __rt_lib_init_fp_trap_1                  0x080001a7   Thumb Code     0  libinit2.o(.ARM.Collect$$libinit$$0000001D)
    __rt_lib_init_getenv_1                   0x080001a7   Thumb Code     0  libinit2.o(.ARM.Collect$$libinit$$00000021)
    __rt_lib_init_heap_1                     0x080001a7   Thumb Code     0  libinit2.o(.ARM.Collect$$libinit$$00000008)
    __rt_lib_init_lc_collate_1               0x080001a7   Thumb Code     0  libinit2.o(.ARM.Collect$$libinit$$0000000F)
    __rt_lib_init_lc_ctype_1                 0x080001a7   Thumb Code     0  libinit2.o(.ARM.Collect$$libinit$$00000011)
    __rt_lib_init_lc_monetary_1              0x080001a7   Thumb Code     0  libinit2.o(.ARM.Collect$$libinit$$00000013)
    __rt_lib_init_lc_numeric_1               0x080001a7   Thumb Code     0  libinit2.o(.ARM.Collect$$libinit$$00000015)
    __rt_lib_init_lc_time_1                  0x080001a7   Thumb Code     0  libinit2.o(.ARM.Collect$$libinit$$00000017)
    __rt_lib_init_rand_1                     0x080001a7   Thumb Code     0  libinit2.o(.ARM.Collect$$libinit$$0000000C)
    __rt_lib_init_return                     0x080001a7   Thumb Code     0  libinit2.o(.ARM.Collect$$libinit$$00000031)
    __rt_lib_init_signal_1                   0x080001a7   Thumb Code     0  libinit2.o(.ARM.Collect$$libinit$$0000001B)
    __rt_lib_init_stdio_1                    0x080001a7   Thumb Code     0  libinit2.o(.ARM.Collect$$libinit$$00000023)
    __rt_lib_init_user_alloc_1               0x080001a7   Thumb Code     0  libinit2.o(.ARM.Collect$$libinit$$0000000A)
    __rt_lib_shutdown                        0x080001a9   Thumb Code     0  libshutdown.o(.ARM.Collect$$libshutdown$$00000000)
    __rt_lib_shutdown_fp_trap_1              0x080001ab   Thumb Code     0  libshutdown2.o(.ARM.Collect$$libshutdown$$00000006)
    __rt_lib_shutdown_heap_1                 0x080001ab   Thumb Code     0  libshutdown2.o(.ARM.Collect$$libshutdown$$0000000E)
    __rt_lib_shutdown_return                 0x080001ab   Thumb Code     0  libshutdown2.o(.ARM.Collect$$libshutdown$$0000000F)
    __rt_lib_shutdown_signal_1               0x080001ab   Thumb Code     0  libshutdown2.o(.ARM.Collect$$libshutdown$$00000009)
    __rt_lib_shutdown_stdio_1                0x080001ab   Thumb Code     0  libshutdown2.o(.ARM.Collect$$libshutdown$$00000003)
    __rt_lib_shutdown_user_alloc_1           0x080001ab   Thumb Code     0  libshutdown2.o(.ARM.Collect$$libshutdown$$0000000B)
    __rt_entry                               0x080001ad   Thumb Code     0  rtentry.o(.ARM.Collect$$rtentry$$00000000)
    __rt_entry_presh_1                       0x080001ad   Thumb Code     0  rtentry2.o(.ARM.Collect$$rtentry$$00000002)
    __rt_entry_sh                            0x080001ad   Thumb Code     0  rtentry4.o(.ARM.Collect$$rtentry$$00000004)
    __rt_entry_li                            0x080001b3   Thumb Code     0  rtentry2.o(.ARM.Collect$$rtentry$$0000000A)
    __rt_entry_postsh_1                      0x080001b3   Thumb Code     0  rtentry2.o(.ARM.Collect$$rtentry$$00000009)
    __rt_entry_main                          0x080001b7   Thumb Code     0  rtentry2.o(.ARM.Collect$$rtentry$$0000000D)
    __rt_entry_postli_1                      0x080001b7   Thumb Code     0  rtentry2.o(.ARM.Collect$$rtentry$$0000000C)
    __rt_exit                                0x080001bf   Thumb Code     0  rtexit.o(.ARM.Collect$$rtexit$$00000000)
    __rt_exit_ls                             0x080001c1   Thumb Code     0  rtexit2.o(.ARM.Collect$$rtexit$$00000003)
    __rt_exit_prels_1                        0x080001c1   Thumb Code     0  rtexit2.o(.ARM.Collect$$rtexit$$00000002)
    __rt_exit_exit                           0x080001c5   Thumb Code     0  rtexit2.o(.ARM.Collect$$rtexit$$00000004)
    WFI_SET                                  0x080001cd   Thumb Code     2  sys.o(.emb_text)
    INTX_DISABLE                             0x080001cf   Thumb Code     2  sys.o(.emb_text)
    INTX_ENABLE                              0x080001d1   Thumb Code     2  sys.o(.emb_text)
    MSR_MSP                                  0x080001d3   Thumb Code     6  sys.o(.emb_text)
    Reset_Handler                            0x080001d9   Thumb Code     4  startup_stm32f10x_hd.o(.text)
    NMI_Handler                              0x080001dd   Thumb Code     2  startup_stm32f10x_hd.o(.text)
    HardFault_Handler                        0x080001df   Thumb Code     2  startup_stm32f10x_hd.o(.text)
    MemManage_Handler                        0x080001e1   Thumb Code     2  startup_stm32f10x_hd.o(.text)
    BusFault_Handler                         0x080001e3   Thumb Code     2  startup_stm32f10x_hd.o(.text)
    UsageFault_Handler                       0x080001e5   Thumb Code     2  startup_stm32f10x_hd.o(.text)
    SVC_Handler                              0x080001e7   Thumb Code     2  startup_stm32f10x_hd.o(.text)
    DebugMon_Handler                         0x080001e9   Thumb Code     2  startup_stm32f10x_hd.o(.text)
    PendSV_Handler                           0x080001eb   Thumb Code     2  startup_stm32f10x_hd.o(.text)
    SysTick_Handler                          0x080001ed   Thumb Code     2  startup_stm32f10x_hd.o(.text)
    ADC1_2_IRQHandler                        0x080001ef   Thumb Code     0  startup_stm32f10x_hd.o(.text)
    ADC3_IRQHandler                          0x080001ef   Thumb Code     0  startup_stm32f10x_hd.o(.text)
    CAN1_RX1_IRQHandler                      0x080001ef   Thumb Code     0  startup_stm32f10x_hd.o(.text)
    CAN1_SCE_IRQHandler                      0x080001ef   Thumb Code     0  startup_stm32f10x_hd.o(.text)
    DMA1_Channel1_IRQHandler                 0x080001ef   Thumb Code     0  startup_stm32f10x_hd.o(.text)
    DMA1_Channel2_IRQHandler                 0x080001ef   Thumb Code     0  startup_stm32f10x_hd.o(.text)
    DMA1_Channel3_IRQHandler                 0x080001ef   Thumb Code     0  startup_stm32f10x_hd.o(.text)
    DMA1_Channel4_IRQHandler                 0x080001ef   Thumb Code     0  startup_stm32f10x_hd.o(.text)
    DMA1_Channel5_IRQHandler                 0x080001ef   Thumb Code     0  startup_stm32f10x_hd.o(.text)
    DMA1_Channel6_IRQHandler                 0x080001ef   Thumb Code     0  startup_stm32f10x_hd.o(.text)
    DMA1_Channel7_IRQHandler                 0x080001ef   Thumb Code     0  startup_stm32f10x_hd.o(.text)
    DMA2_Channel1_IRQHandler                 0x080001ef   Thumb Code     0  startup_stm32f10x_hd.o(.text)
    DMA2_Channel2_IRQHandler                 0x080001ef   Thumb Code     0  startup_stm32f10x_hd.o(.text)
    DMA2_Channel3_IRQHandler                 0x080001ef   Thumb Code     0  startup_stm32f10x_hd.o(.text)
    DMA2_Channel4_5_IRQHandler               0x080001ef   Thumb Code     0  startup_stm32f10x_hd.o(.text)
    EXTI0_IRQHandler                         0x080001ef   Thumb Code     0  startup_stm32f10x_hd.o(.text)
    EXTI15_10_IRQHandler                     0x080001ef   Thumb Code     0  startup_stm32f10x_hd.o(.text)
    EXTI1_IRQHandler                         0x080001ef   Thumb Code     0  startup_stm32f10x_hd.o(.text)
    EXTI2_IRQHandler                         0x080001ef   Thumb Code     0  startup_stm32f10x_hd.o(.text)
    EXTI3_IRQHandler                         0x080001ef   Thumb Code     0  startup_stm32f10x_hd.o(.text)
    EXTI4_IRQHandler                         0x080001ef   Thumb Code     0  startup_stm32f10x_hd.o(.text)
    EXTI9_5_IRQHandler                       0x080001ef   Thumb Code     0  startup_stm32f10x_hd.o(.text)
    FLASH_IRQHandler                         0x080001ef   Thumb Code     0  startup_stm32f10x_hd.o(.text)
    FSMC_IRQHandler                          0x080001ef   Thumb Code     0  startup_stm32f10x_hd.o(.text)
    I2C1_ER_IRQHandler                       0x080001ef   Thumb Code     0  startup_stm32f10x_hd.o(.text)
    I2C1_EV_IRQHandler                       0x080001ef   Thumb Code     0  startup_stm32f10x_hd.o(.text)
    I2C2_ER_IRQHandler                       0x080001ef   Thumb Code     0  startup_stm32f10x_hd.o(.text)
    I2C2_EV_IRQHandler                       0x080001ef   Thumb Code     0  startup_stm32f10x_hd.o(.text)
    PVD_IRQHandler                           0x080001ef   Thumb Code     0  startup_stm32f10x_hd.o(.text)
    RCC_IRQHandler                           0x080001ef   Thumb Code     0  startup_stm32f10x_hd.o(.text)
    RTCAlarm_IRQHandler                      0x080001ef   Thumb Code     0  startup_stm32f10x_hd.o(.text)
    RTC_IRQHandler                           0x080001ef   Thumb Code     0  startup_stm32f10x_hd.o(.text)
    SDIO_IRQHandler                          0x080001ef   Thumb Code     0  startup_stm32f10x_hd.o(.text)
    SPI1_IRQHandler                          0x080001ef   Thumb Code     0  startup_stm32f10x_hd.o(.text)
    SPI2_IRQHandler                          0x080001ef   Thumb Code     0  startup_stm32f10x_hd.o(.text)
    SPI3_IRQHandler                          0x080001ef   Thumb Code     0  startup_stm32f10x_hd.o(.text)
    TAMPER_IRQHandler                        0x080001ef   Thumb Code     0  startup_stm32f10x_hd.o(.text)
    TIM1_BRK_IRQHandler                      0x080001ef   Thumb Code     0  startup_stm32f10x_hd.o(.text)
    TIM1_CC_IRQHandler                       0x080001ef   Thumb Code     0  startup_stm32f10x_hd.o(.text)
    TIM1_TRG_COM_IRQHandler                  0x080001ef   Thumb Code     0  startup_stm32f10x_hd.o(.text)
    TIM1_UP_IRQHandler                       0x080001ef   Thumb Code     0  startup_stm32f10x_hd.o(.text)
    TIM2_IRQHandler                          0x080001ef   Thumb Code     0  startup_stm32f10x_hd.o(.text)
    TIM4_IRQHandler                          0x080001ef   Thumb Code     0  startup_stm32f10x_hd.o(.text)
    TIM6_IRQHandler                          0x080001ef   Thumb Code     0  startup_stm32f10x_hd.o(.text)
    TIM7_IRQHandler                          0x080001ef   Thumb Code     0  startup_stm32f10x_hd.o(.text)
    TIM8_BRK_IRQHandler                      0x080001ef   Thumb Code     0  startup_stm32f10x_hd.o(.text)
    TIM8_TRG_COM_IRQHandler                  0x080001ef   Thumb Code     0  startup_stm32f10x_hd.o(.text)
    UART4_IRQHandler                         0x080001ef   Thumb Code     0  startup_stm32f10x_hd.o(.text)
    UART5_IRQHandler                         0x080001ef   Thumb Code     0  startup_stm32f10x_hd.o(.text)
    USART3_IRQHandler                        0x080001ef   Thumb Code     0  startup_stm32f10x_hd.o(.text)
    USBWakeUp_IRQHandler                     0x080001ef   Thumb Code     0  startup_stm32f10x_hd.o(.text)
    USB_HP_CAN1_TX_IRQHandler                0x080001ef   Thumb Code     0  startup_stm32f10x_hd.o(.text)
    USB_LP_CAN1_RX0_IRQHandler               0x080001ef   Thumb Code     0  startup_stm32f10x_hd.o(.text)
    WWDG_IRQHandler                          0x080001ef   Thumb Code     0  startup_stm32f10x_hd.o(.text)
    __user_initial_stackheap                 0x080001f1   Thumb Code     0  startup_stm32f10x_hd.o(.text)
    MY_NVIC_SetVectorTable                   0x08000211   Thumb Code    12  sys.o(.text)
    MY_NVIC_PriorityGroupConfig              0x0800021d   Thumb Code    36  sys.o(.text)
    MY_NVIC_Init                             0x08000241   Thumb Code   116  sys.o(.text)
    Ex_NVIC_Config                           0x080002b5   Thumb Code   146  sys.o(.text)
    MYRCC_DeInit                             0x08000347   Thumb Code    90  sys.o(.text)
    Sys_Standby                              0x080003a1   Thumb Code    68  sys.o(.text)
    Sys_Soft_Reset                           0x080003e5   Thumb Code    12  sys.o(.text)
    JTAG_Set                                 0x080003f1   Thumb Code    42  sys.o(.text)
    Stm32_Clock_Init                         0x0800041b   Thumb Code   134  sys.o(.text)
    Stm32_Clock_Init_HSI                     0x080004a1   Thumb Code   134  sys.o(.text)
    delay_init                               0x08000555   Thumb Code    56  delay.o(.text)
    delay_us                                 0x0800058d   Thumb Code    56  delay.o(.text)
    delay_ms                                 0x080005c5   Thumb Code    56  delay.o(.text)
    CAN_Mode_Init                            0x08000605   Thumb Code   448  can.o(.text)
    CAN_Tx_Msg                               0x080007c5   Thumb Code   296  can.o(.text)
    CAN_Tx_Staus                             0x080008ed   Thumb Code   144  can.o(.text)
    CAN_Msg_Pend                             0x0800097d   Thumb Code    36  can.o(.text)
    CAN_Rx_Msg                               0x080009a1   Thumb Code   248  can.o(.text)
    CAN_Send_Msg                             0x08000a99   Thumb Code    64  can.o(.text)
    CAN_Receive_Msg                          0x08000ad9   Thumb Code    66  can.o(.text)
    CAN_tx_RoboModule                        0x08000b1b   Thumb Code    64  can.o(.text)
    CAN_rx_RoboModule                        0x08000b5b   Thumb Code    62  can.o(.text)
    usart1_tx_byte                           0x08000ba1   Thumb Code    22  usart.o(.text)
    usart2_tx_byte                           0x08000bb7   Thumb Code    22  usart.o(.text)
    usart1_rx_byte                           0x08000bcd   Thumb Code    22  usart.o(.text)
    USART1_IRQHandler                        0x08000be3   Thumb Code    28  usart.o(.text)
    usart2_rx_byte                           0x08000bff   Thumb Code    22  usart.o(.text)
    USART2_IRQHandler                        0x08000c15   Thumb Code    28  usart.o(.text)
    uart1_init                               0x08000c31   Thumb Code   230  usart.o(.text)
    uart2_init                               0x08000d17   Thumb Code   234  usart.o(.text)
    xputc                                    0x08000e2d   Thumb Code    56  xprintf.o(.text)
    xputs                                    0x08000e65   Thumb Code    22  xprintf.o(.text)
    xfputs                                   0x08000e7b   Thumb Code    34  xprintf.o(.text)
    xprintf                                  0x080010af   Thumb Code    26  xprintf.o(.text)
    xsprintf                                 0x080010c9   Thumb Code    42  xprintf.o(.text)
    xfprintf                                 0x080010f3   Thumb Code    38  xprintf.o(.text)
    put_dump                                 0x08001119   Thumb Code   158  xprintf.o(.text)
    xgets                                    0x080011b7   Thumb Code   146  xprintf.o(.text)
    xfgets                                   0x08001249   Thumb Code    36  xprintf.o(.text)
    xatoi                                    0x0800126d   Thumb Code   196  xprintf.o(.text)
    LED_Init                                 0x08001335   Thumb Code    62  led.o(.text)
    ntlibc_strlen                            0x0800137d   Thumb Code    20  ntlibc.o(.text)
    ntlibc_strcpy                            0x08001391   Thumb Code    28  ntlibc.o(.text)
    ntlibc_strcat                            0x080013ad   Thumb Code    38  ntlibc.o(.text)
    ntlibc_strcmp                            0x080013d3   Thumb Code    84  ntlibc.o(.text)
    ntlibc_strncmp                           0x08001427   Thumb Code    72  ntlibc.o(.text)
    ntlibc_isdigit                           0x0800146f   Thumb Code    18  ntlibc.o(.text)
    ntlibc_isalpha                           0x08001481   Thumb Code    30  ntlibc.o(.text)
    ntlibc_iscntrl                           0x0800149f   Thumb Code    74  ntlibc.o(.text)
    ntlibc_toupper                           0x080014e9   Thumb Code    20  ntlibc.o(.text)
    ntlibc_tolower                           0x080014fd   Thumb Code    20  ntlibc.o(.text)
    ntlibc_atoi                              0x08001511   Thumb Code   134  ntlibc.o(.text)
    ntlibc_strchr                            0x08001597   Thumb Code    30  ntlibc.o(.text)
    ntlibc_utoa                              0x080015b5   Thumb Code    68  ntlibc.o(.text)
    ntopt_parse                              0x080016f9   Thumb Code   106  ntopt.o(.text)
    vtrecv_callback                          0x08001d33   Thumb Code    80  ntshell.o(.text)
    ntshell_init                             0x08001d83   Thumb Code   100  ntshell.o(.text)
    ntshell_execute                          0x08001de7   Thumb Code    74  ntshell.o(.text)
    ntshell_set_prompt                       0x08001e31   Thumb Code    32  ntshell.o(.text)
    ntshell_version                          0x08001e51   Thumb Code    14  ntshell.o(.text)
    ntshell_usrcmd_execute                   0x08001ea9   Thumb Code    18  ntshell_usrcmd.o(.text)
    text_editor_init                         0x08003895   Thumb Code    12  text_editor.o(.text)
    text_editor_insert                       0x080038a1   Thumb Code    76  text_editor.o(.text)
    text_editor_backspace                    0x080038ed   Thumb Code    72  text_editor.o(.text)
    text_editor_delete                       0x08003935   Thumb Code    68  text_editor.o(.text)
    text_editor_cursor_get_position          0x08003979   Thumb Code     6  text_editor.o(.text)
    text_editor_cursor_head                  0x0800397f   Thumb Code    20  text_editor.o(.text)
    text_editor_cursor_tail                  0x08003993   Thumb Code    22  text_editor.o(.text)
    text_editor_cursor_left                  0x080039a9   Thumb Code    22  text_editor.o(.text)
    text_editor_cursor_right                 0x080039bf   Thumb Code    24  text_editor.o(.text)
    text_editor_set_text                     0x080039d7   Thumb Code    52  text_editor.o(.text)
    text_editor_get_text                     0x08003a0b   Thumb Code    46  text_editor.o(.text)
    text_editor_clear                        0x08003a39   Thumb Code    12  text_editor.o(.text)
    text_history_init                        0x08003a45   Thumb Code    28  text_history.o(.text)
    text_history_write                       0x08003a61   Thumb Code    74  text_history.o(.text)
    text_history_read                        0x08003aab   Thumb Code    52  text_history.o(.text)
    text_history_read_point_next             0x08003adf   Thumb Code    40  text_history.o(.text)
    text_history_read_point_prev             0x08003b07   Thumb Code    52  text_history.o(.text)
    text_history_find                        0x08003b3b   Thumb Code   150  text_history.o(.text)
    vtrecv_init                              0x08003c25   Thumb Code    16  vtrecv.o(.text)
    vtrecv_execute                           0x08003d61   Thumb Code    64  vtrecv.o(.text)
    vtsend_init                              0x08003dad   Thumb Code    10  vtsend.o(.text)
    vtsend_cursor_position                   0x08003db7   Thumb Code   110  vtsend.o(.text)
    vtsend_cursor_up                         0x08003e25   Thumb Code    70  vtsend.o(.text)
    vtsend_cursor_down                       0x08003e6b   Thumb Code    70  vtsend.o(.text)
    vtsend_cursor_forward                    0x08003eb1   Thumb Code    70  vtsend.o(.text)
    vtsend_cursor_backward                   0x08003ef7   Thumb Code    70  vtsend.o(.text)
    vtsend_cursor_position_save              0x08003f3d   Thumb Code    36  vtsend.o(.text)
    vtsend_cursor_position_restore           0x08003f61   Thumb Code    36  vtsend.o(.text)
    vtsend_erase_display                     0x08003f85   Thumb Code    42  vtsend.o(.text)
    vtsend_erase_line                        0x08003faf   Thumb Code    42  vtsend.o(.text)
    vtsend_set_color_foreground              0x08003fd9   Thumb Code    76  vtsend.o(.text)
    vtsend_set_color_background              0x08004025   Thumb Code    76  vtsend.o(.text)
    vtsend_set_attribute                     0x08004071   Thumb Code    70  vtsend.o(.text)
    vtsend_set_scroll_region                 0x080040b7   Thumb Code   110  vtsend.o(.text)
    vtsend_set_cursor                        0x08004125   Thumb Code   108  vtsend.o(.text)
    vtsend_reset                             0x08004191   Thumb Code    30  vtsend.o(.text)
    vtsend_draw_box                          0x080041af   Thumb Code   132  vtsend.o(.text)
    vtsend_fill_box                          0x08004233   Thumb Code    64  vtsend.o(.text)
    mcs_res                                  0x080042cb   Thumb Code   136  main.o(.text)
    mcs_mo                                   0x08004353   Thumb Code   484  main.o(.text)
    mcs_th9x                                 0x08004537   Thumb Code  1212  main.o(.text)
    main                                     0x080049f3   Thumb Code   126  main.o(.text)
    TIM3_Int_Init                            0x08004b01   Thumb Code    72  timer.o(.text)
    TIM3_PWM_Init                            0x08004b49   Thumb Code   156  timer.o(.text)
    TIM3_Cap_Init                            0x08004be5   Thumb Code   312  timer.o(.text)
    TIM3_IRQHandler                          0x08004d1d   Thumb Code   408  timer.o(.text)
    TIM5_Cap_Init                            0x08004eb5   Thumb Code   334  timer.o(.text)
    TIM5_IRQHandler                          0x08005003   Thumb Code   408  timer.o(.text)
    TIM1_PWM_Init                            0x0800519b   Thumb Code   140  timer.o(.text)
    TIM8_PWM_Init                            0x08005227   Thumb Code   120  timer.o(.text)
    TIM8_Cap_Init                            0x0800529f   Thumb Code   344  timer.o(.text)
    TIM8_UP_IRQHandler                       0x080053f7   Thumb Code   102  timer.o(.text)
    TIM8_CC_IRQHandler                       0x0800545d   Thumb Code   352  timer.o(.text)
    __aeabi_memclr4                          0x080055dd   Thumb Code     0  rt_memclr_w.o(.text)
    __aeabi_memclr8                          0x080055dd   Thumb Code     0  rt_memclr_w.o(.text)
    __rt_memclr_w                            0x080055dd   Thumb Code    78  rt_memclr_w.o(.text)
    _memset_w                                0x080055e1   Thumb Code     0  rt_memclr_w.o(.text)
    __use_two_region_memory                  0x0800562b   Thumb Code     2  heapauxi.o(.text)
    __rt_heap_escrow$2region                 0x0800562d   Thumb Code     2  heapauxi.o(.text)
    __rt_heap_expand$2region                 0x0800562f   Thumb Code     2  heapauxi.o(.text)
    __read_errno                             0x08005631   Thumb Code    10  _rserrno.o(.text)
    __set_errno                              0x0800563b   Thumb Code    12  _rserrno.o(.text)
    __aeabi_errno_addr                       0x08005649   Thumb Code     8  rt_errno_addr_intlibspace.o(.text)
    __errno$intlibspace                      0x08005649   Thumb Code     0  rt_errno_addr_intlibspace.o(.text)
    __rt_errno_addr$intlibspace              0x08005649   Thumb Code     0  rt_errno_addr_intlibspace.o(.text)
    __user_libspace                          0x08005651   Thumb Code     8  libspace.o(.text)
    __user_perproc_libspace                  0x08005651   Thumb Code     0  libspace.o(.text)
    __user_perthread_libspace                0x08005651   Thumb Code     0  libspace.o(.text)
    __user_setup_stackheap                   0x08005659   Thumb Code    74  sys_stackheap_outer.o(.text)
    exit                                     0x080056a3   Thumb Code    12  exit.o(.text)
    _sys_exit                                0x080056b1   Thumb Code     8  sys_exit.o(.text)
    __I$use$semihosting                      0x080056bd   Thumb Code     0  use_no_semi.o(.text)
    __use_no_semihosting_swi                 0x080056bd   Thumb Code     2  use_no_semi.o(.text)
    __ARM_fpclassifyf                        0x080056bf   Thumb Code    38  fpclassifyf.o(i.__ARM_fpclassifyf)
    __semihosting_library_function           0x080056bf   Thumb Code     0  indicate_semi.o(.text)
    __mathlib_flt_underflow                  0x080056e5   Thumb Code    10  funder.o(i.__mathlib_flt_underflow)
    __mathlib_rredf2                         0x080056f1   Thumb Code   326  rredf.o(i.__mathlib_rredf2)
    cosf                                     0x08005849   Thumb Code   334  cosf.o(i.cosf)
    lroundf                                  0x080059cd   Thumb Code   146  lroundf.o(i.lroundf)
    sinf                                     0x08005a61   Thumb Code   344  sinf.o(i.sinf)
    __aeabi_d2f                              0x08005bed   Thumb Code     0  d2f.o(x$fpl$d2f)
    _d2f                                     0x08005bed   Thumb Code    98  d2f.o(x$fpl$d2f)
    __aeabi_dadd                             0x08005c51   Thumb Code     0  daddsub_clz.o(x$fpl$dadd)
    _dadd                                    0x08005c51   Thumb Code   332  daddsub_clz.o(x$fpl$dadd)
    __aeabi_ddiv                             0x08005da1   Thumb Code     0  ddiv.o(x$fpl$ddiv)
    _ddiv                                    0x08005da1   Thumb Code   552  ddiv.o(x$fpl$ddiv)
    __aeabi_d2iz                             0x08006051   Thumb Code     0  dfix.o(x$fpl$dfix)
    _dfix                                    0x08006051   Thumb Code    94  dfix.o(x$fpl$dfix)
    __aeabi_i2d                              0x080060af   Thumb Code     0  dflt_clz.o(x$fpl$dflt)
    _dflt                                    0x080060af   Thumb Code    46  dflt_clz.o(x$fpl$dflt)
    __aeabi_dmul                             0x080060dd   Thumb Code     0  dmul.o(x$fpl$dmul)
    _dmul                                    0x080060dd   Thumb Code   332  dmul.o(x$fpl$dmul)
    __fpl_dnaninf                            0x08006231   Thumb Code   156  dnaninf.o(x$fpl$dnaninf)
    __fpl_dretinf                            0x080062cd   Thumb Code    12  dretinf.o(x$fpl$dretinf)
    __aeabi_dsub                             0x080062d9   Thumb Code     0  daddsub_clz.o(x$fpl$dsub)
    _dsub                                    0x080062d9   Thumb Code   464  daddsub_clz.o(x$fpl$dsub)
    __aeabi_f2d                              0x080064ad   Thumb Code     0  f2d.o(x$fpl$f2d)
    _f2d                                     0x080064ad   Thumb Code    86  f2d.o(x$fpl$f2d)
    __aeabi_fadd                             0x08006505   Thumb Code     0  faddsub_clz.o(x$fpl$fadd)
    _fadd                                    0x08006505   Thumb Code   196  faddsub_clz.o(x$fpl$fadd)
    __fpl_fcheck_NaN1                        0x080065c9   Thumb Code     6  fcheck1.o(x$fpl$fcheck1)
    __aeabi_fdiv                             0x080065d5   Thumb Code     0  fdiv.o(x$fpl$fdiv)
    _fdiv                                    0x080065d5   Thumb Code   384  fdiv.o(x$fpl$fdiv)
    __aeabi_f2iz                             0x08006759   Thumb Code     0  ffix.o(x$fpl$ffix)
    _ffix                                    0x08006759   Thumb Code    54  ffix.o(x$fpl$ffix)
    _ffix_r                                  0x08006791   Thumb Code    82  ffix.o(x$fpl$ffixr)
    __aeabi_f2uiz                            0x080067e5   Thumb Code     0  ffixu.o(x$fpl$ffixu)
    _ffixu                                   0x080067e5   Thumb Code    62  ffixu.o(x$fpl$ffixu)
    __aeabi_i2f                              0x08006825   Thumb Code     0  fflt_clz.o(x$fpl$fflt)
    _fflt                                    0x08006825   Thumb Code    48  fflt_clz.o(x$fpl$fflt)
    __aeabi_ui2f                             0x08006855   Thumb Code     0  fflt_clz.o(x$fpl$ffltu)
    _ffltu                                   0x08006855   Thumb Code    38  fflt_clz.o(x$fpl$ffltu)
    __aeabi_fmul                             0x0800687d   Thumb Code     0  fmul.o(x$fpl$fmul)
    _fmul                                    0x0800687d   Thumb Code   258  fmul.o(x$fpl$fmul)
    __fpl_fnaninf                            0x0800697f   Thumb Code   140  fnaninf.o(x$fpl$fnaninf)
    __fpl_fretinf                            0x08006a0b   Thumb Code    10  fretinf.o(x$fpl$fretinf)
    _frnd                                    0x08006a15   Thumb Code    96  frnd.o(x$fpl$frnd)
    __aeabi_frsub                            0x08006a75   Thumb Code     0  faddsub_clz.o(x$fpl$frsb)
    _frsb                                    0x08006a75   Thumb Code    20  faddsub_clz.o(x$fpl$frsb)
    __aeabi_fsub                             0x08006a89   Thumb Code     0  faddsub_clz.o(x$fpl$fsub)
    _fsub                                    0x08006a89   Thumb Code   234  faddsub_clz.o(x$fpl$fsub)
    __fpl_return_NaN                         0x08006b73   Thumb Code   100  retnan.o(x$fpl$retnan)
    __ARM_scalbnf                            0x08006bd7   Thumb Code    76  scalbnf.o(x$fpl$scalbnf)
    __fpl_cmpreturn                          0x08006c23   Thumb Code    48  trapv.o(x$fpl$trapveneer)
    __I$use$fp                               0x08006c52   Number         0  usenofp.o(x$fpl$usenofp)
    Region$$Table$$Base                      0x08007634   Number         0  anon$$obj.o(Region$$Table)
    Region$$Table$$Limit                     0x08007654   Number         0  anon$$obj.o(Region$$Table)
    usart1_rx_buf                            0x20000004   Data           1  usart.o(.data)
    usart1_rx_flag                           0x20000005   Data           1  usart.o(.data)
    usart2_rx_buf                            0x20000006   Data           1  usart.o(.data)
    usart2_rx_flag                           0x20000007   Data           1  usart.o(.data)
    xfunc_out                                0x20000008   Data           4  xprintf.o(.data)
    xfunc_in                                 0x20000010   Data           4  xprintf.o(.data)
    mode_flag                                0x20000014   Data           2  ntshell_usrcmd.o(.data)
    ndrivers                                 0x20000016   Data           1  ntshell_usrcmd.o(.data)
    pluse_width_tim3_ch3                     0x2000002c   Data           2  timer.o(.data)
    pluse_width_tim3_ch4                     0x2000002e   Data           2  timer.o(.data)
    pluse_obtained_tim3                      0x20000030   Data           1  timer.o(.data)
    c3d_tim3                                 0x20000032   Data           2  timer.o(.data)
    c4d_tim3                                 0x20000034   Data           2  timer.o(.data)
    in_capture_tim3                          0x20000036   Data           1  timer.o(.data)
    pluse_high_tim3                          0x20000037   Data           1  timer.o(.data)
    pluse_width_tim5_ch1                     0x20000038   Data           2  timer.o(.data)
    pluse_width_tim5_ch2                     0x2000003a   Data           2  timer.o(.data)
    pluse_obtained_tim5                      0x2000003c   Data           1  timer.o(.data)
    c1d_tim5                                 0x2000003e   Data           2  timer.o(.data)
    c2d_tim5                                 0x20000040   Data           2  timer.o(.data)
    in_capture_tim5                          0x20000042   Data           1  timer.o(.data)
    pluse_high_tim5                          0x20000043   Data           1  timer.o(.data)
    pluse_width_tim8_ch1                     0x20000044   Data           2  timer.o(.data)
    pluse_width_tim8_ch2                     0x20000046   Data           2  timer.o(.data)
    pluse_obtained_tim8                      0x20000048   Data           1  timer.o(.data)
    c1d_tim8                                 0x2000004a   Data           2  timer.o(.data)
    c2d_tim8                                 0x2000004c   Data           2  timer.o(.data)
    in_capture_tim8                          0x2000004e   Data           1  timer.o(.data)
    pluse_high_tim8                          0x2000004f   Data           1  timer.o(.data)
    __libspace_start                         0x20000050   Data          96  libspace.o(.bss)
    __temporary_stack_top$libspace           0x200000b0   Data           0  libspace.o(.bss)



==============================================================================

Memory Map of the image

  Image Entry point : 0x08000131

  Load Region LR_IROM1 (Base: 0x08000000, Size: 0x000076a4, Max: 0x00080000, ABSOLUTE)

    Execution Region ER_IROM1 (Base: 0x08000000, Size: 0x00007654, Max: 0x00080000, ABSOLUTE)

    Base Addr    Size         Type   Attr      Idx    E Section Name        Object

    0x08000000   0x00000130   Data   RO            3    RESET               startup_stm32f10x_hd.o
    0x08000130   0x00000008   Code   RO          409  * !!!main             c_w.l(__main.o)
    0x08000138   0x00000034   Code   RO          668    !!!scatter          c_w.l(__scatter.o)
    0x0800016c   0x0000001a   Code   RO          670    !!handler_copy      c_w.l(__scatter_copy.o)
    0x08000186   0x00000002   PAD
    0x08000188   0x0000001c   Code   RO          672    !!handler_zi        c_w.l(__scatter_zi.o)
    0x080001a4   0x00000002   Code   RO          540    .ARM.Collect$$libinit$$00000000  c_w.l(libinit.o)
    0x080001a6   0x00000000   Code   RO          546    .ARM.Collect$$libinit$$00000002  c_w.l(libinit2.o)
    0x080001a6   0x00000000   Code   RO          549    .ARM.Collect$$libinit$$00000008  c_w.l(libinit2.o)
    0x080001a6   0x00000000   Code   RO          551    .ARM.Collect$$libinit$$0000000A  c_w.l(libinit2.o)
    0x080001a6   0x00000000   Code   RO          553    .ARM.Collect$$libinit$$0000000C  c_w.l(libinit2.o)
    0x080001a6   0x00000000   Code   RO          556    .ARM.Collect$$libinit$$0000000F  c_w.l(libinit2.o)
    0x080001a6   0x00000000   Code   RO          558    .ARM.Collect$$libinit$$00000011  c_w.l(libinit2.o)
    0x080001a6   0x00000000   Code   RO          560    .ARM.Collect$$libinit$$00000013  c_w.l(libinit2.o)
    0x080001a6   0x00000000   Code   RO          562    .ARM.Collect$$libinit$$00000015  c_w.l(libinit2.o)
    0x080001a6   0x00000000   Code   RO          564    .ARM.Collect$$libinit$$00000017  c_w.l(libinit2.o)
    0x080001a6   0x00000000   Code   RO          566    .ARM.Collect$$libinit$$00000019  c_w.l(libinit2.o)
    0x080001a6   0x00000000   Code   RO          568    .ARM.Collect$$libinit$$0000001B  c_w.l(libinit2.o)
    0x080001a6   0x00000000   Code   RO          570    .ARM.Collect$$libinit$$0000001D  c_w.l(libinit2.o)
    0x080001a6   0x00000000   Code   RO          572    .ARM.Collect$$libinit$$0000001F  c_w.l(libinit2.o)
    0x080001a6   0x00000000   Code   RO          574    .ARM.Collect$$libinit$$00000021  c_w.l(libinit2.o)
    0x080001a6   0x00000000   Code   RO          576    .ARM.Collect$$libinit$$00000023  c_w.l(libinit2.o)
    0x080001a6   0x00000000   Code   RO          580    .ARM.Collect$$libinit$$0000002A  c_w.l(libinit2.o)
    0x080001a6   0x00000000   Code   RO          582    .ARM.Collect$$libinit$$0000002C  c_w.l(libinit2.o)
    0x080001a6   0x00000000   Code   RO          584    .ARM.Collect$$libinit$$0000002E  c_w.l(libinit2.o)
    0x080001a6   0x00000000   Code   RO          586    .ARM.Collect$$libinit$$00000030  c_w.l(libinit2.o)
    0x080001a6   0x00000002   Code   RO          587    .ARM.Collect$$libinit$$00000031  c_w.l(libinit2.o)
    0x080001a8   0x00000002   Code   RO          609    .ARM.Collect$$libshutdown$$00000000  c_w.l(libshutdown.o)
    0x080001aa   0x00000000   Code   RO          623    .ARM.Collect$$libshutdown$$00000003  c_w.l(libshutdown2.o)
    0x080001aa   0x00000000   Code   RO          626    .ARM.Collect$$libshutdown$$00000006  c_w.l(libshutdown2.o)
    0x080001aa   0x00000000   Code   RO          629    .ARM.Collect$$libshutdown$$00000009  c_w.l(libshutdown2.o)
    0x080001aa   0x00000000   Code   RO          631    .ARM.Collect$$libshutdown$$0000000B  c_w.l(libshutdown2.o)
    0x080001aa   0x00000000   Code   RO          634    .ARM.Collect$$libshutdown$$0000000E  c_w.l(libshutdown2.o)
    0x080001aa   0x00000002   Code   RO          635    .ARM.Collect$$libshutdown$$0000000F  c_w.l(libshutdown2.o)
    0x080001ac   0x00000000   Code   RO          479    .ARM.Collect$$rtentry$$00000000  c_w.l(rtentry.o)
    0x080001ac   0x00000000   Code   RO          507    .ARM.Collect$$rtentry$$00000002  c_w.l(rtentry2.o)
    0x080001ac   0x00000006   Code   RO          519    .ARM.Collect$$rtentry$$00000004  c_w.l(rtentry4.o)
    0x080001b2   0x00000000   Code   RO          509    .ARM.Collect$$rtentry$$00000009  c_w.l(rtentry2.o)
    0x080001b2   0x00000004   Code   RO          510    .ARM.Collect$$rtentry$$0000000A  c_w.l(rtentry2.o)
    0x080001b6   0x00000000   Code   RO          512    .ARM.Collect$$rtentry$$0000000C  c_w.l(rtentry2.o)
    0x080001b6   0x00000008   Code   RO          513    .ARM.Collect$$rtentry$$0000000D  c_w.l(rtentry2.o)
    0x080001be   0x00000002   Code   RO          543    .ARM.Collect$$rtexit$$00000000  c_w.l(rtexit.o)
    0x080001c0   0x00000000   Code   RO          591    .ARM.Collect$$rtexit$$00000002  c_w.l(rtexit2.o)
    0x080001c0   0x00000004   Code   RO          592    .ARM.Collect$$rtexit$$00000003  c_w.l(rtexit2.o)
    0x080001c4   0x00000006   Code   RO          593    .ARM.Collect$$rtexit$$00000004  c_w.l(rtexit2.o)
    0x080001ca   0x00000002   PAD
    0x080001cc   0x0000000c   Code   RO           12    .emb_text           sys.o
    0x080001d8   0x00000038   Code   RO            4    .text               startup_stm32f10x_hd.o
    0x08000210   0x00000344   Code   RO           13    .text               sys.o
    0x08000554   0x000000b0   Code   RO           60    .text               delay.o
    0x08000604   0x0000059c   Code   RO           85    .text               can.o
    0x08000ba0   0x0000028c   Code   RO          119    .text               usart.o
    0x08000e2c   0x00000508   Code   RO          140    .text               xprintf.o
    0x08001334   0x00000048   Code   RO          163    .text               led.o
    0x0800137c   0x000002a4   Code   RO          204    .text               ntlibc.o
    0x08001620   0x00000142   Code   RO          219    .text               ntopt.o
    0x08001762   0x00000002   PAD
    0x08001764   0x00000704   Code   RO          237    .text               ntshell.o
    0x08001e68   0x00001a2c   Code   RO          268    .text               ntshell_usrcmd.o
    0x08003894   0x000001b0   Code   RO          302    .text               text_editor.o
    0x08003a44   0x0000018c   Code   RO          314    .text               text_history.o
    0x08003bd0   0x000001dc   Code   RO          326    .text               vtrecv.o
    0x08003dac   0x000004cc   Code   RO          340    .text               vtsend.o
    0x08004278   0x00000888   Code   RO          354    .text               main.o
    0x08004b00   0x00000adc   Code   RO          382    .text               timer.o
    0x080055dc   0x0000004e   Code   RO          405    .text               c_w.l(rt_memclr_w.o)
    0x0800562a   0x00000006   Code   RO          407    .text               c_w.l(heapauxi.o)
    0x08005630   0x00000016   Code   RO          480    .text               c_w.l(_rserrno.o)
    0x08005646   0x00000002   PAD
    0x08005648   0x00000008   Code   RO          524    .text               c_w.l(rt_errno_addr_intlibspace.o)
    0x08005650   0x00000008   Code   RO          528    .text               c_w.l(libspace.o)
    0x08005658   0x0000004a   Code   RO          531    .text               c_w.l(sys_stackheap_outer.o)
    0x080056a2   0x0000000c   Code   RO          533    .text               c_w.l(exit.o)
    0x080056ae   0x00000002   PAD
    0x080056b0   0x0000000c   Code   RO          601    .text               c_w.l(sys_exit.o)
    0x080056bc   0x00000002   Code   RO          612    .text               c_w.l(use_no_semi.o)
    0x080056be   0x00000000   Code   RO          614    .text               c_w.l(indicate_semi.o)
    0x080056be   0x00000026   Code   RO          499    i.__ARM_fpclassifyf  m_ws.l(fpclassifyf.o)
    0x080056e4   0x0000000a   Code   RO          501    i.__mathlib_flt_underflow  m_ws.l(funder.o)
    0x080056ee   0x00000002   PAD
    0x080056f0   0x00000158   Code   RO          503    i.__mathlib_rredf2  m_ws.l(rredf.o)
    0x08005848   0x00000184   Code   RO          460    i.cosf              m_ws.l(cosf.o)
    0x080059cc   0x00000092   Code   RO          475    i.lroundf           m_ws.l(lroundf.o)
    0x08005a5e   0x00000002   PAD
    0x08005a60   0x0000018c   Code   RO          468    i.sinf              m_ws.l(sinf.o)
    0x08005bec   0x00000062   Code   RO          411    x$fpl$d2f           fz_ws.l(d2f.o)
    0x08005c4e   0x00000002   PAD
    0x08005c50   0x00000150   Code   RO          413    x$fpl$dadd          fz_ws.l(daddsub_clz.o)
    0x08005da0   0x000002b0   Code   RO          420    x$fpl$ddiv          fz_ws.l(ddiv.o)
    0x08006050   0x0000005e   Code   RO          423    x$fpl$dfix          fz_ws.l(dfix.o)
    0x080060ae   0x0000002e   Code   RO          428    x$fpl$dflt          fz_ws.l(dflt_clz.o)
    0x080060dc   0x00000154   Code   RO          433    x$fpl$dmul          fz_ws.l(dmul.o)
    0x08006230   0x0000009c   Code   RO          482    x$fpl$dnaninf       fz_ws.l(dnaninf.o)
    0x080062cc   0x0000000c   Code   RO          484    x$fpl$dretinf       fz_ws.l(dretinf.o)
    0x080062d8   0x000001d4   Code   RO          415    x$fpl$dsub          fz_ws.l(daddsub_clz.o)
    0x080064ac   0x00000056   Code   RO          435    x$fpl$f2d           fz_ws.l(f2d.o)
    0x08006502   0x00000002   PAD
    0x08006504   0x000000c4   Code   RO          437    x$fpl$fadd          fz_ws.l(faddsub_clz.o)
    0x080065c8   0x0000000c   Code   RO          526    x$fpl$fcheck1       fz_ws.l(fcheck1.o)
    0x080065d4   0x00000184   Code   RO          444    x$fpl$fdiv          fz_ws.l(fdiv.o)
    0x08006758   0x00000036   Code   RO          486    x$fpl$ffix          fz_ws.l(ffix.o)
    0x0800678e   0x00000002   PAD
    0x08006790   0x00000052   Code   RO          487    x$fpl$ffixr         fz_ws.l(ffix.o)
    0x080067e2   0x00000002   PAD
    0x080067e4   0x0000003e   Code   RO          447    x$fpl$ffixu         fz_ws.l(ffixu.o)
    0x08006822   0x00000002   PAD
    0x08006824   0x00000030   Code   RO          452    x$fpl$fflt          fz_ws.l(fflt_clz.o)
    0x08006854   0x00000026   Code   RO          451    x$fpl$ffltu         fz_ws.l(fflt_clz.o)
    0x0800687a   0x00000002   PAD
    0x0800687c   0x00000102   Code   RO          457    x$fpl$fmul          fz_ws.l(fmul.o)
    0x0800697e   0x0000008c   Code   RO          490    x$fpl$fnaninf       fz_ws.l(fnaninf.o)
    0x08006a0a   0x0000000a   Code   RO          492    x$fpl$fretinf       fz_ws.l(fretinf.o)
    0x08006a14   0x00000060   Code   RO          494    x$fpl$frnd          fz_ws.l(frnd.o)
    0x08006a74   0x00000014   Code   RO          438    x$fpl$frsb          fz_ws.l(faddsub_clz.o)
    0x08006a88   0x000000ea   Code   RO          439    x$fpl$fsub          fz_ws.l(faddsub_clz.o)
    0x08006b72   0x00000064   Code   RO          541    x$fpl$retnan        fz_ws.l(retnan.o)
    0x08006bd6   0x0000004c   Code   RO          496    x$fpl$scalbnf       fz_ws.l(scalbnf.o)
    0x08006c22   0x00000030   Code   RO          588    x$fpl$trapveneer    fz_ws.l(trapv.o)
    0x08006c52   0x00000000   Code   RO          498    x$fpl$usenofp       fz_ws.l(usenofp.o)
    0x08006c52   0x00000002   PAD
    0x08006c54   0x00000088   Data   RO          238    .constdata          ntshell.o
    0x08006cdc   0x000000e4   Data   RO          269    .constdata          ntshell_usrcmd.o
    0x08006dc0   0x00000406   Data   RO          327    .constdata          vtrecv.o
    0x080071c6   0x00000002   PAD
    0x080071c8   0x00000020   Data   RO          504    .constdata          m_ws.l(rredf.o)
    0x080071e8   0x00000449   Data   RO          270    .conststring        ntshell_usrcmd.o
    0x08007631   0x00000003   PAD
    0x08007634   0x00000020   Data   RO          666    Region$$Table       anon$$obj.o


    Execution Region RW_IRAM1 (Base: 0x20000000, Size: 0x000006b0, Max: 0x00010000, ABSOLUTE)

    Base Addr    Size         Type   Attr      Idx    E Section Name        Object

    0x20000000   0x00000004   Data   RW           61    .data               delay.o
    0x20000004   0x00000004   Data   RW          120    .data               usart.o
    0x20000008   0x0000000c   Data   RW          141    .data               xprintf.o
    0x20000014   0x00000018   Data   RW          271    .data               ntshell_usrcmd.o
    0x2000002c   0x00000024   Data   RW          383    .data               timer.o
    0x20000050   0x00000060   Zero   RW          529    .bss                c_w.l(libspace.o)
    0x200000b0   0x00000200   Zero   RW            2    HEAP                startup_stm32f10x_hd.o
    0x200002b0   0x00000400   Zero   RW            1    STACK               startup_stm32f10x_hd.o


==============================================================================

Image component sizes


      Code (inc. data)   RO Data    RW Data    ZI Data      Debug   Object Name

      1436         28          0          0          0       4069   can.o
       176          8          0          4          0        947   delay.o
        72         10          0          0          0        387   led.o
      2184        372          0          0          0       4668   main.o
       676         40          0          0          0       4170   ntlibc.o
       322          0          0          0          0       2002   ntopt.o
      1796         24        136          0          0      11486   ntshell.o
      6700       1550       1325         24          0      13034   ntshell_usrcmd.o
        56         22        304          0       1536        772   startup_stm32f10x_hd.o
       848         46          0          0          0     210276   sys.o
       432          0          0          0          0       3880   text_editor.o
       396          0          0          0          0       2757   text_history.o
      2780        136          0         36          0       4292   timer.o
       652         44          0          4          0       2136   usart.o
       476         28       1030          0          0       3273   vtrecv.o
      1228          6          0          0          0       5625   vtsend.o
      1288         50          0         12          0       5428   xprintf.o

    ----------------------------------------------------------------------
     21520       2364       2832         80       1536     279202   Object Totals
         0          0         32          0          0          0   (incl. Generated)
         2          0          5          0          0          0   (incl. Padding)

    ----------------------------------------------------------------------

      Code (inc. data)   RO Data    RW Data    ZI Data      Debug   Library Member Name

         8          0          0          0          0         68   __main.o
        52          8          0          0          0          0   __scatter.o
        26          0          0          0          0          0   __scatter_copy.o
        28          0          0          0          0          0   __scatter_zi.o
        22          0          0          0          0        100   _rserrno.o
        12          0          0          0          0         72   exit.o
         6          0          0          0          0        152   heapauxi.o
         0          0          0          0          0          0   indicate_semi.o
         2          0          0          0          0          0   libinit.o
         2          0          0          0          0          0   libinit2.o
         2          0          0          0          0          0   libshutdown.o
         2          0          0          0          0          0   libshutdown2.o
         8          4          0          0         96         68   libspace.o
         8          4          0          0          0         68   rt_errno_addr_intlibspace.o
        78          0          0          0          0         80   rt_memclr_w.o
         0          0          0          0          0          0   rtentry.o
        12          0          0          0          0          0   rtentry2.o
         6          0          0          0          0          0   rtentry4.o
         2          0          0          0          0          0   rtexit.o
        10          0          0          0          0          0   rtexit2.o
        12          4          0          0          0         68   sys_exit.o
        74          0          0          0          0         80   sys_stackheap_outer.o
         2          0          0          0          0         68   use_no_semi.o
        98          4          0          0          0         92   d2f.o
       804         16          0          0          0        272   daddsub_clz.o
       688        140          0          0          0        208   ddiv.o
        94          4          0          0          0         92   dfix.o
        46          0          0          0          0         68   dflt_clz.o
       340         12          0          0          0        104   dmul.o
       156          4          0          0          0         92   dnaninf.o
        12          0          0          0          0         68   dretinf.o
        86          4          0          0          0         84   f2d.o
       450          8          0          0          0        236   faddsub_clz.o
        12          4          0          0          0         68   fcheck1.o
       388         76          0          0          0         96   fdiv.o
       136          8          0          0          0        168   ffix.o
        62          4          0          0          0         84   ffixu.o
        86          0          0          0          0        136   fflt_clz.o
       258          4          0          0          0         84   fmul.o
       140          4          0          0          0         84   fnaninf.o
        10          0          0          0          0         68   fretinf.o
        96          4          0          0          0         76   frnd.o
       100          0          0          0          0         68   retnan.o
        76          0          0          0          0         68   scalbnf.o
        48          0          0          0          0         68   trapv.o
         0          0          0          0          0          0   usenofp.o
       388         54          0          0          0        124   cosf.o
        38          0          0          0          0         68   fpclassifyf.o
        10          0          0          0          0         68   funder.o
       146          0          0          0          0         88   lroundf.o
       344         18         32          0          0         88   rredf.o
       396         52          0          0          0        124   sinf.o

    ----------------------------------------------------------------------
      5908        440         32          0         96       3768   Library Totals
        26          0          0          0          0          0   (incl. Padding)

    ----------------------------------------------------------------------

      Code (inc. data)   RO Data    RW Data    ZI Data      Debug   Library Name

       374         20          0          0         96        824   c_w.l
      4186        296          0          0          0       2384   fz_ws.l
      1322        124         32          0          0        560   m_ws.l

    ----------------------------------------------------------------------
      5908        440         32          0         96       3768   Library Totals

    ----------------------------------------------------------------------

==============================================================================


      Code (inc. data)   RO Data    RW Data    ZI Data      Debug   

     27428       2804       2864         80       1632     279638   Grand Totals
     27428       2804       2864         80       1632     279638   ELF Image Totals
     27428       2804       2864         80          0          0   ROM Totals

==============================================================================

    Total RO  Size (Code + RO Data)                30292 (  29.58kB)
    Total RW  Size (RW Data + ZI Data)              1712 (   1.67kB)
    Total ROM Size (Code + RO Data + RW Data)      30372 (  29.66kB)

==============================================================================

